
Allocating common symbols
Common symbol       size              file

global_rules_shadow
                    0x630             obj/kern/libdwarf_frame.o
ismp                0x4               obj/kern/mpconfig.o
lapicaddr           0x8               obj/kern/lapic.o
ts                  0x68              obj/kern/trap.o
end_debug           0x8               obj/kern/init.o
mydebug             0x60              obj/kern/kdebug.o
panicstr            0x8               obj/kern/init.o
boot_cr3            0x8               obj/kern/pmap.o
mpentry_kstack      0x8               obj/kern/init.o
cpus                0x220             obj/kern/mpconfig.o
global_std_op       0x200             obj/kern/libdwarf_lineno.o
lapic               0x8               obj/kern/lapic.o
bootcpu             0x8               obj/kern/mpconfig.o
_cie                0x78              obj/kern/kdebug.o
global_rules        0x630             obj/kern/libdwarf_frame.o
boot_pml4e          0x8               obj/kern/pmap.o
ncpu                0x4               obj/kern/mpconfig.o
_fde                0x80              obj/kern/kdebug.o
npages              0x8               obj/kern/pmap.o
pages               0x8               obj/kern/pmap.o
percpu_kstacks      0x40000           obj/kern/mpconfig.o

Discarded input sections

 .note.GNU-stack
                0x0000000000000000        0x0 obj/kern/init.o
 .note.GNU-stack
                0x0000000000000000        0x0 obj/kern/console.o
 .note.GNU-stack
                0x0000000000000000        0x0 obj/kern/monitor.o
 .note.GNU-stack
                0x0000000000000000        0x0 obj/kern/pmap.o
 .note.GNU-stack
                0x0000000000000000        0x0 obj/kern/env.o
 .note.GNU-stack
                0x0000000000000000        0x0 obj/kern/kclock.o
 .note.GNU-stack
                0x0000000000000000        0x0 obj/kern/picirq.o
 .note.GNU-stack
                0x0000000000000000        0x0 obj/kern/printf.o
 .note.GNU-stack
                0x0000000000000000        0x0 obj/kern/trap.o
 .note.GNU-stack
                0x0000000000000000        0x0 obj/kern/sched.o
 .note.GNU-stack
                0x0000000000000000        0x0 obj/kern/syscall.o
 .note.GNU-stack
                0x0000000000000000        0x0 obj/kern/kdebug.o
 .note.GNU-stack
                0x0000000000000000        0x0 obj/kern/printfmt.o
 .note.GNU-stack
                0x0000000000000000        0x0 obj/kern/readline.o
 .note.GNU-stack
                0x0000000000000000        0x0 obj/kern/string.o
 .note.GNU-stack
                0x0000000000000000        0x0 obj/kern/libdwarf_rw.o
 .note.GNU-stack
                0x0000000000000000        0x0 obj/kern/libdwarf_frame.o
 .note.GNU-stack
                0x0000000000000000        0x0 obj/kern/libdwarf_lineno.o
 .note.GNU-stack
                0x0000000000000000        0x0 obj/kern/elf_rw.o
 .note.GNU-stack
                0x0000000000000000        0x0 obj/kern/mpconfig.o
 .note.GNU-stack
                0x0000000000000000        0x0 obj/kern/lapic.o
 .note.GNU-stack
                0x0000000000000000        0x0 obj/kern/spinlock.o
 .note.GNU-stack
                0x0000000000000000        0x0 obj/kern/e1000.o
 .note.GNU-stack
                0x0000000000000000        0x0 obj/kern/pci.o
 .note.GNU-stack
                0x0000000000000000        0x0 obj/kern/time.o
 .note.GNU-stack
                0x0000000000000000        0x0 obj/vmm/ept.o
 .note.GNU-stack
                0x0000000000000000        0x0 obj/vmm/vmx.o
 .note.GNU-stack
                0x0000000000000000        0x0 obj/vmm/vmexits.o

Memory Configuration

Name             Origin             Length             Attributes
*default*        0x0000000000000000 0xffffffffffffffff

Linker script and memory map

                0x0000000000100000                . = 0x100000

.bootstrap      0x0000000000100000     0x7004
 obj/kern/bootstrap.o(.text .data .bss)
 .text          0x0000000000100000      0x115 obj/kern/bootstrap.o
                0x0000000000100000                _head64
                0x00000000001000e5                jumpto_longmode
 *fill*         0x0000000000100115      0xeeb 
 .data          0x0000000000101000     0x6004 obj/kern/bootstrap.o
                0x0000000000102000                pml4phys
                0x0000000000107000                multiboot_info
 .bss           0x0000000000107004        0x0 obj/kern/bootstrap.o
                0x0000008004200000                . = 0x8004200000

.text           0x0000008004200000    0x1e1bd load address 0x0000000000200000
 *(EXCLUDE_FILE(obj/kern/bootstrap.o) .text .stub .text.* .gnu.linkonce.t.*)
 .text          0x0000008004200000       0x58 obj/kern/entry.o
                0x000000800420000c                entry
                0x000000000020000c                _start
 .text          0x0000008004200058      0x6a1 obj/kern/init.o
                0x0000008004200099                i386_init
                0x000000800420040f                mp_main
                0x00000080042004d5                _panic
                0x000000800420060c                _warn
 .text          0x00000080042006f9      0xb58 obj/kern/console.o
                0x0000008004200789                serial_intr
                0x0000008004200fd8                kbd_intr
                0x00000080042010b2                cons_getc
                0x00000080042011a6                cons_init
                0x00000080042011ff                cputchar
                0x000000800420121d                getchar
                0x000000800420123f                iscons
 .text          0x0000008004201251      0x8ad obj/kern/monitor.o
                0x0000008004201251                mon_help
                0x00000080042012e8                mon_kerninfo
                0x0000008004201476                mon_backtrace
                0x0000008004201a5d                monitor
 .text          0x0000008004201afe     0x61aa obj/kern/pmap.o
                0x000000800420263d                x64_vm_init
                0x0000008004202bf7                page_init
                0x0000008004202ea7                page_alloc
                0x0000008004202f59                page_free
                0x0000008004202fdb                page_decref
                0x000000800420301c                pml4e_walk
                0x0000008004203295                pdpe_walk
                0x000000800420350e                pgdir_walk
                0x0000008004203a19                page_insert
                0x0000008004203d89                page_lookup
                0x0000008004203e14                page_remove
                0x0000008004203e87                tlb_invalidate
                0x0000008004203f56                mmio_map_region
                0x000000800420404b                user_mem_check
                0x000000800420416b                user_mem_assert
 .text          0x0000008004207ca8     0x1c5f obj/kern/env.o
                0x0000008004207e0d                envid2env
                0x0000008004207f6d                env_init
                0x000000800420803a                env_init_percpu
                0x000000800420819c                env_guest_alloc
                0x0000008004208616                env_guest_free
                0x000000800420895d                env_alloc
                0x0000008004208beb                load_icode
                0x0000008004208fbe                env_create
                0x0000008004209066                env_free
                0x000000800420951f                env_destroy
                0x000000800420960e                env_pop_tf
                0x00000080042096ea                env_run
 .text          0x0000008004209907       0x7c obj/kern/kclock.o
                0x0000008004209907                mc146818_read
                0x0000008004209943                mc146818_write
 .text          0x0000008004209983      0x273 obj/kern/picirq.o
                0x0000008004209983                pic_init
                0x0000008004209ad5                irq_setmask_8259A
                0x0000008004209bc6                irq_eoi
 .text          0x0000008004209bf6      0x165 obj/kern/printf.o
                0x0000008004209c24                vcprintf
                0x0000008004209c83                cprintf
 .text          0x0000008004209d5b     0x3a67 obj/kern/trap.o
                0x0000008004209dfb                trap_init
                0x000000800420c4fe                trap_init_percpu
                0x000000800420c97a                print_trapframe
                0x000000800420cc8b                print_regs
                0x000000800420d0f3                trap
                0x000000800420d450                page_fault_handler
 *fill*         0x000000800420d7c2        0xe 
 .text          0x000000800420d7d0      0x1c2 obj/kern/trapentry.o
                0x000000800420d7d0                Xdivide
                0x000000800420d7da                Xdebug
                0x000000800420d7e4                Xnmi
                0x000000800420d7ee                Xbrkpt
                0x000000800420d7f8                Xoflow
                0x000000800420d802                Xbound
                0x000000800420d80c                Xillop
                0x000000800420d816                Xdevice
                0x000000800420d820                Xdblflt
                0x000000800420d828                Xtss
                0x000000800420d830                Xsegnp
                0x000000800420d838                Xstack
                0x000000800420d840                Xgpflt
                0x000000800420d848                Xpgflt
                0x000000800420d850                Xfperr
                0x000000800420d85a                Xalign
                0x000000800420d862                Xmchk
                0x000000800420d86c                Xirq0
                0x000000800420d876                Xirq1
                0x000000800420d880                Xirq2
                0x000000800420d88a                Xirq3
                0x000000800420d894                Xirq4
                0x000000800420d89e                Xirq5
                0x000000800420d8a8                Xirq6
                0x000000800420d8b2                Xirq7
                0x000000800420d8bc                Xirq8
                0x000000800420d8c6                Xirq9
                0x000000800420d8d0                Xirq10
                0x000000800420d8da                Xirq11
                0x000000800420d8e4                Xirq12
                0x000000800420d8ee                Xirq13
                0x000000800420d8f8                Xirq14
                0x000000800420d902                Xirq15
                0x000000800420d90c                Xsyscall
                0x000000800420d916                Xdefault
                0x000000800420d920                _alltraps
 .text          0x000000800420d992      0x657 obj/kern/sched.o
                0x000000800420da76                sched_yield
                0x000000800420dde8                sched_halt
 .text          0x000000800420dfe9     0x1354 obj/kern/syscall.o
                0x000000800420f005                syscall
                0x000000800420f2ff                _export_sys_ept_map
 .text          0x000000800420f33d      0xc2f obj/kern/kdebug.o
                0x000000800420f33d                list_func_die
                0x000000800420faa3                debuginfo_rip
 .text          0x000000800420ff6c      0xa71 obj/kern/printfmt.o
                0x0000008004210247                vprintfmt
                0x000000800421075f                printfmt
                0x000000800421085f                vsnprintf
                0x00000080042108fc                snprintf
 .text          0x00000080042109dd      0x155 obj/kern/readline.o
                0x00000080042109dd                readline
 .text          0x0000008004210b32      0x7c5 obj/kern/string.o
                0x0000008004210b32                strlen
                0x0000008004210b60                strnlen
                0x0000008004210b9e                strcpy
                0x0000008004210be1                strcat
                0x0000008004210c30                strncpy
                0x0000008004210c90                strlcpy
                0x0000008004210d00                strcmp
                0x0000008004210d53                strncmp
                0x0000008004210dc4                strchr
                0x0000008004210e00                strfind
                0x0000008004210e37                memset
                0x0000008004210ec2                memmove
                0x0000008004210fd9                memcpy
                0x000000800421100d                memcmp
                0x0000008004211081                memfind
                0x00000080042110ca                strtol
                0x000000800421125c                strstr
 .text          0x00000080042112f7     0x1f4d obj/kern/libdwarf_rw.o
                0x00000080042112f7                _dwarf_read_lsb
                0x0000008004211423                _dwarf_decode_lsb
                0x0000008004211544                _dwarf_read_msb
                0x00000080042116f6                _dwarf_decode_msb
                0x00000080042118a5                _dwarf_read_sleb128
                0x0000008004211949                _dwarf_read_uleb128
                0x00000080042119c8                _dwarf_decode_sleb128
                0x0000008004211a5a                _dwarf_decode_uleb128
                0x0000008004211ac7                _dwarf_read_string
                0x0000008004211b56                _dwarf_read_block
                0x0000008004211b9f                _dwarf_elf_get_byte_order
                0x0000008004211c0d                _dwarf_elf_get_pointer_size
                0x0000008004211c77                _dwarf_init
                0x0000008004211d59                _get_next_cu
                0x0000008004211ef4                print_cu
                0x0000008004211f2b                _dwarf_abbrev_parse
                0x00000080042121ae                _dwarf_abbrev_find
                0x00000080042122df                _dwarf_attr_init
                0x0000008004212970                dwarf_search_die_within_cu
                0x0000008004212c69                dwarf_offdie
                0x0000008004212d6c                _dwarf_attr_find
                0x0000008004212dff                dwarf_siblingof
                0x0000008004213043                dwarf_child
                0x00000080042131e7                _dwarf_find_section_enhanced
 .text          0x0000008004213244     0x257f obj/kern/libdwarf_frame.o
                0x0000008004213244                _dwarf_frame_params_init
                0x0000008004213284                dwarf_get_fde_at_pc
                0x0000008004213356                _dwarf_frame_regtable_copy
                0x0000008004214303                _dwarf_frame_get_internal_table
                0x0000008004214590                dwarf_get_fde_info_for_all_regs
                0x0000008004215432                _dwarf_frame_interal_table_init
                0x00000080042156eb                dwarf_set_frame_cfa_value
                0x000000800421571b                dwarf_init_eh_section
 .text          0x00000080042157c3      0xd4b obj/kern/libdwarf_lineno.o
                0x0000008004215e1f                _dwarf_lineno_init
                0x0000008004216393                dwarf_srclines
 .text          0x000000800421650e      0xd12 obj/kern/elf_rw.o
                0x000000800421650e                _dwarf_find_section
                0x000000800421658e                find_debug_sections
                0x0000008004216857                read_section_headers
                0x0000008004216f96                readseg
                0x00000080042170fa                waitdisk
                0x0000008004217126                readsect
 .text          0x0000008004217220       0xe7 obj/kern/mpentry.o
                0x0000008004217220                mpentry_start
                0x0000008004217306                mpentry_end
 .text          0x0000008004217307      0x8f2 obj/kern/mpconfig.o
                0x00000080042177dd                mp_init
 .text          0x0000008004217bf9      0x473 obj/kern/lapic.o
                0x0000008004217c3b                lapic_init
                0x0000008004217e32                cpunum
                0x0000008004217e67                lapic_eoi
                0x0000008004217ea2                lapic_startap
                0x0000008004218025                lapic_ipi
 .text          0x000000800421806c      0x472 obj/kern/spinlock.o
                0x0000008004218189                __spin_initlock
                0x00000080042181bd                spin_lock
                0x0000008004218294                spin_unlock
 .text          0x00000080042184de      0x680 obj/kern/e1000.o
                0x00000080042184de                e1000_attach
                0x0000008004218869                e1000_transmit
                0x00000080042189d8                e1000_receive
 .text          0x0000008004218b5e      0xafa obj/kern/pci.o
                0x000000800421939b                pci_func_enable
                0x000000800421961c                pci_init
 .text          0x0000008004219658       0xa3 obj/kern/time.o
                0x0000008004219658                time_init
                0x000000800421966e                time_tick
                0x00000080042196e0                time_msec
 .text          0x00000080042196fb     0x1447 obj/vmm/ept.o
                0x0000008004219982                ept_gpa2hva
                0x0000008004219c3a                free_guest_mem
                0x0000008004219c6e                ept_page_insert
                0x0000008004219c8c                ept_map_hva2gpa
                0x0000008004219d7d                ept_alloc_static
                0x0000008004219ea1                test_ept_map
 .text          0x000000800421ab42     0x2c32 obj/vmm/vmx.o
                0x000000800421ad0b                vmx_list_vms
                0x000000800421adcb                vmx_sel_resume
                0x000000800421aea1                vmx_check_support
                0x000000800421af22                vmx_check_ept
                0x000000800421afef                check_fixed_bits
                0x000000800421b0b8                vmx_init_vmcs
                0x000000800421b1be                vmx_init_vmxon
                0x000000800421b66f                vmcs_host_init
                0x000000800421ba3d                vmcs_guest_init
                0x000000800421c27b                vmx_read_capability_msr
                0x000000800421c94a                vmcs_dump_cpu
                0x000000800421ca8b                vmexit
                0x000000800421d035                asm_vmrun
                0x000000800421d25e                msr_setup
                0x000000800421d371                bitmap_setup
                0x000000800421d4b3                vmx_vmrun
 .text          0x000000800421d774      0xa49 obj/vmm/vmexits.o
                0x000000800421d88d                vmx_get_vmdisk_number
                0x000000800421d89f                vmx_incr_vmdisk_number
                0x000000800421d8c0                find_msr_in_region
                0x000000800421d917                handle_interrupt_window
                0x000000800421d998                handle_interrupts
                0x000000800421da45                handle_rdmsr
                0x000000800421db4d                handle_wrmsr
                0x000000800421dcb9                handle_eptviolation
                0x000000800421deab                handle_ioinstr
                0x000000800421e08a                handle_cpuid
                0x000000800421e0c4                handle_vmcall
                0x000000800421e1bd                PROVIDE (etext, .)

.iplt           0x000000800421e1c0        0x0 load address 0x000000000021e1c0
 .iplt          0x0000000000000000        0x0 obj/kern/bootstrap.o

.rodata         0x000000800421e1c0     0x3e70 load address 0x000000000021e1c0
 *(EXCLUDE_FILE(obj/kern/bootstrap.o) .rodata .rodata.* .gnu.linkonce.r.*)
 .rodata        0x000000800421e1c0       0xd6 obj/kern/init.o
 .rodata        0x000000800421e296       0x29 obj/kern/console.o
 *fill*         0x000000800421e2bf        0x1 
 .rodata        0x000000800421e2c0      0x2e1 obj/kern/monitor.o
 *fill*         0x000000800421e5a1        0x7 
 .rodata        0x000000800421e5a8      0xf2c obj/kern/pmap.o
 *fill*         0x000000800421f4d4        0x4 
 .rodata        0x000000800421f4d8      0x1dd obj/kern/env.o
 .rodata        0x000000800421f6b5       0x1a obj/kern/picirq.o
 *fill*         0x000000800421f6cf       0x11 
 .rodata        0x000000800421f6e0      0x4a0 obj/kern/trap.o
 .rodata        0x000000800421fb80       0x8c obj/kern/sched.o
 *fill*         0x000000800421fc0c        0x4 
 .rodata        0x000000800421fc10      0x1f8 obj/kern/syscall.o
 *fill*         0x000000800421fe08       0x18 
 .rodata        0x000000800421fe20      0x37b obj/kern/kdebug.o
 *fill*         0x000000800422019b        0x5 
 .rodata        0x00000080042201a0      0x4c8 obj/kern/printfmt.o
 .rodata        0x0000008004220668       0x13 obj/kern/readline.o
 *fill*         0x000000800422067b        0x5 
 .rodata        0x0000008004220680      0x1ab obj/kern/libdwarf_rw.o
 *fill*         0x000000800422082b        0x5 
 .rodata        0x0000008004220830      0x1d8 obj/kern/libdwarf_frame.o
 .rodata        0x0000008004220a08       0xc3 obj/kern/libdwarf_lineno.o
 .rodata        0x0000008004220acb       0xa7 obj/kern/elf_rw.o
 *fill*         0x0000008004220b72        0x6 
 .rodata        0x0000008004220b78      0x291 obj/kern/mpconfig.o
 *fill*         0x0000008004220e09        0x7 
 .rodata        0x0000008004220e10       0x33 obj/kern/lapic.o
 *fill*         0x0000008004220e43        0x5 
 .rodata        0x0000008004220e48       0xf1 obj/kern/spinlock.o
 *fill*         0x0000008004220f39        0x7 
 .rodata        0x0000008004220f40       0x87 obj/kern/e1000.o
 *fill*         0x0000008004220fc7        0x1 
 .rodata        0x0000008004220fc8      0x287 obj/kern/pci.o
 .rodata        0x000000800422124f       0x2a obj/kern/time.o
 *fill*         0x0000008004221279        0x7 
 .rodata        0x0000008004221280      0x7c3 obj/vmm/ept.o
 *fill*         0x0000008004221a43        0x5 
 .rodata        0x0000008004221a48      0x44f obj/vmm/vmx.o
 *fill*         0x0000008004221e97        0x1 
 .rodata        0x0000008004221e98      0x198 obj/vmm/vmexits.o

.eh_frame       0x0000008004222030     0x26c0 load address 0x0000000000222030
 .eh_frame      0x0000008004222030       0xf8 obj/kern/init.o
                                         0xf0 (size before relaxing)
 .eh_frame      0x0000008004222128      0x240 obj/kern/console.o
                                        0x258 (size before relaxing)
 .eh_frame      0x0000008004222368       0xc0 obj/kern/monitor.o
                                         0xd8 (size before relaxing)
 .eh_frame      0x0000008004222428      0x438 obj/kern/pmap.o
                                        0x448 (size before relaxing)
 .eh_frame      0x0000008004222860      0x280 obj/kern/env.o
                                        0x290 (size before relaxing)
 .eh_frame      0x0000008004222ae0       0x40 obj/kern/kclock.o
                                         0x58 (size before relaxing)
 .eh_frame      0x0000008004222b20       0x60 obj/kern/picirq.o
                                         0x78 (size before relaxing)
 .eh_frame      0x0000008004222b80       0x60 obj/kern/printf.o
                                         0x78 (size before relaxing)
 .eh_frame      0x0000008004222be0      0x148 obj/kern/trap.o
                                        0x158 (size before relaxing)
 .eh_frame      0x0000008004222d28       0xa8 obj/kern/sched.o
                                         0xc0 (size before relaxing)
 .eh_frame      0x0000008004222dd0      0x390 obj/kern/syscall.o
                                        0x3a0 (size before relaxing)
 .eh_frame      0x0000008004223160       0x48 obj/kern/kdebug.o
                                         0x60 (size before relaxing)
 .eh_frame      0x00000080042231a8      0x118 obj/kern/printfmt.o
                                        0x128 (size before relaxing)
 .eh_frame      0x00000080042232c0       0x20 obj/kern/readline.o
                                         0x38 (size before relaxing)
 .eh_frame      0x00000080042232e0      0x220 obj/kern/string.o
                                        0x238 (size before relaxing)
 .eh_frame      0x0000008004223500      0x308 obj/kern/libdwarf_rw.o
                                        0x320 (size before relaxing)
 .eh_frame      0x0000008004223808      0x1d0 obj/kern/libdwarf_frame.o
                                        0x1e8 (size before relaxing)
 .eh_frame      0x00000080042239d8       0x98 obj/kern/libdwarf_lineno.o
                                         0xb0 (size before relaxing)
 .eh_frame      0x0000008004223a70       0xc0 obj/kern/elf_rw.o
                                         0xd8 (size before relaxing)
 .eh_frame      0x0000008004223b30       0xa8 obj/kern/mpconfig.o
                                         0xc0 (size before relaxing)
 .eh_frame      0x0000008004223bd8       0xe0 obj/kern/lapic.o
                                         0xf8 (size before relaxing)
 .eh_frame      0x0000008004223cb8       0xe0 obj/kern/spinlock.o
                                         0xf0 (size before relaxing)
 .eh_frame      0x0000008004223d98       0x60 obj/kern/e1000.o
                                         0x78 (size before relaxing)
 .eh_frame      0x0000008004223df8      0x140 obj/kern/pci.o
                                        0x158 (size before relaxing)
 .eh_frame      0x0000008004223f38       0x60 obj/kern/time.o
                                         0x78 (size before relaxing)
 .eh_frame      0x0000008004223f98      0x1e8 obj/vmm/ept.o
                                        0x200 (size before relaxing)
 .eh_frame      0x0000008004224180      0x350 obj/vmm/vmx.o
                                        0x368 (size before relaxing)
 .eh_frame      0x00000080042244d0      0x220 obj/vmm/vmexits.o
                                        0x230 (size before relaxing)

.rela.dyn       0x00000080042246f0        0x0 load address 0x00000000002246f0
 .rela.iplt     0x0000000000000000        0x0 obj/kern/bootstrap.o
 .rela.text     0x0000000000000000        0x0 obj/kern/bootstrap.o
 .rela.data     0x0000000000000000        0x0 obj/kern/bootstrap.o
                0x0000008004225000                . = ALIGN (0x1000)

.data           0x0000008004225000   0x2b884f load address 0x0000000000225000
 *(EXCLUDE_FILE(obj/kern/bootstrap.o) .data)
 .data          0x0000008004225000    0x10042 obj/kern/entry.o
                0x0000008004225000                bootstack
                0x0000008004235000                kernel_64
                0x0000008004235000                bootstacktop
                0x0000008004235038                gdtdesc_64
 .data          0x0000008004235042        0x0 obj/kern/init.o
 *fill*         0x0000008004235042       0x1e 
 .data          0x0000008004235060      0x520 obj/kern/console.o
 .data          0x0000008004235580       0x60 obj/kern/monitor.o
 .data          0x00000080042355e0        0x8 obj/kern/pmap.o
 *fill*         0x00000080042355e8       0x18 
 .data          0x0000008004235600       0x72 obj/kern/env.o
                0x0000008004235600                gdt
                0x0000008004235668                gdt_pd
 .data          0x0000008004235672        0x0 obj/kern/kclock.o
 .data          0x0000008004235672        0x2 obj/kern/picirq.o
                0x0000008004235672                irq_mask_8259A
 .data          0x0000008004235674        0x0 obj/kern/printf.o
 .data          0x0000008004235674        0x0 obj/kern/trap.o
 .data          0x0000008004235674        0x0 obj/kern/trapentry.o
 .data          0x0000008004235674        0x0 obj/kern/sched.o
 .data          0x0000008004235674        0x0 obj/kern/syscall.o
 *fill*         0x0000008004235674        0x4 
 .data          0x0000008004235678       0x18 obj/kern/kdebug.o
                0x0000008004235678                fde
                0x0000008004235680                cie
                0x0000008004235688                dbg
 .data          0x0000008004235690        0x0 obj/kern/printfmt.o
 .data          0x0000008004235690        0x0 obj/kern/readline.o
 .data          0x0000008004235690        0x0 obj/kern/string.o
 .data          0x0000008004235690        0x0 obj/kern/libdwarf_rw.o
 *fill*         0x0000008004235690       0x10 
 .data          0x00000080042356a0       0x20 obj/kern/libdwarf_frame.o
                0x00000080042356a0                debug_frame_sec
 .data          0x00000080042356c0        0x0 obj/kern/libdwarf_lineno.o
 .data          0x00000080042356c0       0xa0 obj/kern/elf_rw.o
                0x00000080042356c0                section_info
 .data          0x0000008004235760        0x0 obj/kern/mpentry.o
 .data          0x0000008004235760        0x0 obj/kern/mpconfig.o
 .data          0x0000008004235760        0x0 obj/kern/lapic.o
 .data          0x0000008004235760       0x68 obj/kern/spinlock.o
                0x0000008004235760                kernel_lock
 .data          0x00000080042357c8        0x0 obj/kern/e1000.o
 *fill*         0x00000080042357c8       0x18 
 .data          0x00000080042357e0       0x98 obj/kern/pci.o
                0x0000008004235800                pci_attach_class
                0x0000008004235820                pci_attach_vendor
 .data          0x0000008004235878        0x0 obj/kern/time.o
 .data          0x0000008004235878        0x0 obj/vmm/ept.o
 .data          0x0000008004235878        0x0 obj/vmm/vmx.o
 .data          0x0000008004235878        0x0 obj/vmm/vmexits.o
 .data          0x0000008004235878    0x16241 obj/user/hello
                0x0000008004235878                _binary_obj_user_hello_start
                0x000000800424bab9                _binary_obj_user_hello_end
 .data          0x000000800424bab9    0x15d20 obj/user/idle
                0x000000800424bab9                _binary_obj_user_idle_start
                0x00000080042617d9                _binary_obj_user_idle_end
 .data          0x00000080042617d9    0x1766e obj/user/testfile
                0x00000080042617d9                _binary_obj_user_testfile_start
                0x0000008004278e47                _binary_obj_user_testfile_end
 .data          0x0000008004278e47    0x15dad obj/user/writemotd
                0x0000008004278e47                _binary_obj_user_writemotd_start
                0x000000800428ebf4                _binary_obj_user_writemotd_end
 .data          0x000000800428ebf4    0x187fc obj/user/spawnhello
                0x000000800428ebf4                _binary_obj_user_spawnhello_start
                0x00000080042a73f0                _binary_obj_user_spawnhello_end
 .data          0x00000080042a73f0    0x1834f obj/user/icode
                0x00000080042a73f0                _binary_obj_user_icode_start
                0x00000080042bf73f                _binary_obj_user_icode_end
 .data          0x00000080042bf73f    0x27a11 obj/fs/fs
                0x00000080042bf73f                _binary_obj_fs_fs_start
                0x00000080042e7150                _binary_obj_fs_fs_end
 .data          0x00000080042e7150    0x15f5a obj/user/testtime
                0x00000080042e7150                _binary_obj_user_testtime_start
                0x00000080042fd0aa                _binary_obj_user_testtime_end
 .data          0x00000080042fd0aa    0x1a422 obj/user/httpd
                0x00000080042fd0aa                _binary_obj_user_httpd_start
                0x00000080043174cc                _binary_obj_user_httpd_end
 .data          0x00000080043174cc    0x17c63 obj/user/echosrv
                0x00000080043174cc                _binary_obj_user_echosrv_start
                0x000000800432f12f                _binary_obj_user_echosrv_end
 .data          0x000000800432f12f    0x17b9a obj/user/echotest
                0x000000800432f12f                _binary_obj_user_echotest_start
                0x0000008004346cc9                _binary_obj_user_echotest_end
 .data          0x0000008004346cc9    0x19754 obj/net/testoutput
                0x0000008004346cc9                _binary_obj_net_testoutput_start
                0x000000800436041d                _binary_obj_net_testoutput_end
 .data          0x000000800436041d    0x1b79e obj/net/testinput
                0x000000800436041d                _binary_obj_net_testinput_start
                0x000000800437bbbb                _binary_obj_net_testinput_end
 .data          0x000000800437bbbb    0x6500e obj/net/ns
                0x000000800437bbbb                _binary_obj_net_ns_start
                0x00000080043e0bc9                _binary_obj_net_ns_end
 .data          0x00000080043e0bc9    0x1b121 obj/user/testpteshare
                0x00000080043e0bc9                _binary_obj_user_testpteshare_start
                0x00000080043fbcea                _binary_obj_user_testpteshare_end
 .data          0x00000080043fbcea    0x18b37 obj/user/testfdsharing
                0x00000080043fbcea                _binary_obj_user_testfdsharing_start
                0x0000008004414821                _binary_obj_user_testfdsharing_end
 .data          0x0000008004414821    0x19025 obj/user/testpipe
                0x0000008004414821                _binary_obj_user_testpipe_start
                0x000000800442d846                _binary_obj_user_testpipe_end
 .data          0x000000800442d846    0x18911 obj/user/testpiperace
                0x000000800442d846                _binary_obj_user_testpiperace_start
                0x0000008004446157                _binary_obj_user_testpiperace_end
 .data          0x0000008004446157    0x188e2 obj/user/testpiperace2
                0x0000008004446157                _binary_obj_user_testpiperace2_start
                0x000000800445ea39                _binary_obj_user_testpiperace2_end
 .data          0x000000800445ea39    0x183b1 obj/user/primespipe
                0x000000800445ea39                _binary_obj_user_primespipe_start
                0x0000008004476dea                _binary_obj_user_primespipe_end
 .data          0x0000008004476dea    0x16986 obj/user/testkbd
                0x0000008004476dea                _binary_obj_user_testkbd_start
                0x000000800448d770                _binary_obj_user_testkbd_end
 .data          0x000000800448d770    0x1b19e obj/user/testshell
                0x000000800448d770                _binary_obj_user_testshell_start
                0x00000080044a890e                _binary_obj_user_testshell_end
 .data          0x00000080044a890e    0x16dac obj/user/vmm
                0x00000080044a890e                _binary_obj_user_vmm_start
                0x00000080044bf6ba                _binary_obj_user_vmm_end
 .data          0x00000080044bf6ba    0x1e195 obj/user/sh
                0x00000080044bf6ba                _binary_obj_user_sh_start
                0x00000080044dd84f                _binary_obj_user_sh_end
                0x00000080044dd84f                PROVIDE (edata, .)

.igot.plt       0x00000080044dd850        0x0 load address 0x00000000004dd850
 .igot.plt      0x0000000000000000        0x0 obj/kern/bootstrap.o

.bss            0x00000080044de000   0x242010 load address 0x00000000004de000
 *(EXCLUDE_FILE(obj/kern/bootstrap.o) .bss)
 .bss           0x00000080044de000        0x0 obj/kern/entry.o
 .bss           0x00000080044de000        0x0 obj/kern/init.o
 .bss           0x00000080044de000      0x22c obj/kern/console.o
 .bss           0x00000080044de22c        0x0 obj/kern/monitor.o
 *fill*         0x00000080044de22c        0x4 
 .bss           0x00000080044de230       0x20 obj/kern/pmap.o
 .bss           0x00000080044de250       0x18 obj/kern/env.o
                0x00000080044de250                vcpu_count
                0x00000080044de258                envs
 .bss           0x00000080044de268        0x0 obj/kern/kclock.o
 .bss           0x00000080044de268        0x1 obj/kern/picirq.o
 .bss           0x00000080044de269        0x0 obj/kern/printf.o
 *fill*         0x00000080044de269       0x17 
 .bss           0x00000080044de280     0x1018 obj/kern/trap.o
                0x00000080044de280                idt
                0x00000080044df280                idt_pd
 .bss           0x00000080044df298        0x0 obj/kern/trapentry.o
 .bss           0x00000080044df298        0x0 obj/kern/sched.o
 .bss           0x00000080044df298        0x0 obj/kern/syscall.o
 .bss           0x00000080044df298        0x8 obj/kern/kdebug.o
 .bss           0x00000080044df2a0        0x0 obj/kern/printfmt.o
 .bss           0x00000080044df2a0      0x400 obj/kern/readline.o
 .bss           0x00000080044df6a0        0x0 obj/kern/string.o
 .bss           0x00000080044df6a0        0x0 obj/kern/libdwarf_rw.o
 .bss           0x00000080044df6a0       0x68 obj/kern/libdwarf_frame.o
                0x00000080044df6a0                global_rt_table
                0x00000080044df6e0                global_rt_table_shadow
 .bss           0x00000080044df708        0x0 obj/kern/libdwarf_lineno.o
 .bss           0x00000080044df708        0x0 obj/kern/elf_rw.o
 .bss           0x00000080044df708        0x0 obj/kern/mpentry.o
 .bss           0x00000080044df708        0x0 obj/kern/mpconfig.o
 .bss           0x00000080044df708        0x0 obj/kern/lapic.o
 .bss           0x00000080044df708        0x0 obj/kern/spinlock.o
 *fill*         0x00000080044df708       0x18 
 .bss           0x00000080044df720   0x1fde80 obj/kern/e1000.o
 .bss           0x00000080046dd5a0       0x20 obj/kern/pci.o
 .bss           0x00000080046dd5c0        0x4 obj/kern/time.o
 .bss           0x00000080046dd5c4        0x0 obj/vmm/ept.o
 .bss           0x00000080046dd5c4        0x4 obj/vmm/vmx.o
 .bss           0x00000080046dd5c8        0x8 obj/vmm/vmexits.o
 COMMON         0x00000080046dd5d0       0x18 obj/kern/init.o
                0x00000080046dd5d0                end_debug
                0x00000080046dd5d8                panicstr
                0x00000080046dd5e0                mpentry_kstack
 COMMON         0x00000080046dd5e8       0x20 obj/kern/pmap.o
                0x00000080046dd5e8                boot_cr3
                0x00000080046dd5f0                boot_pml4e
                0x00000080046dd5f8                npages
                0x00000080046dd600                pages
 *fill*         0x00000080046dd608       0x18 
 COMMON         0x00000080046dd620       0x68 obj/kern/trap.o
                0x00000080046dd620                ts
 *fill*         0x00000080046dd688       0x18 
 COMMON         0x00000080046dd6a0      0x160 obj/kern/kdebug.o
                0x00000080046dd6a0                mydebug
                0x00000080046dd700                _cie
                0x00000080046dd780                _fde
 COMMON         0x00000080046dd800      0xc70 obj/kern/libdwarf_frame.o
                0x00000080046dd800                global_rules_shadow
                0x00000080046dde40                global_rules
 *fill*         0x00000080046de470       0x10 
 COMMON         0x00000080046de480      0x200 obj/kern/libdwarf_lineno.o
                0x00000080046de480                global_std_op
 *fill*         0x00000080046de680      0x980 
 COMMON         0x00000080046df000    0x41000 obj/kern/mpconfig.o
                0x00000080046df000                ismp
                0x00000080046df020                cpus
                0x00000080046df240                bootcpu
                0x00000080046df248                ncpu
                0x00000080046e0000                percpu_kstacks
 COMMON         0x0000008004720000       0x10 obj/kern/lapic.o
                0x0000008004720000                lapicaddr
                0x0000008004720008                lapic
                0x0000008004720010                PROVIDE (end, .)

.debug
 *(.debug)

.line
 *(.line)

.debug_srcinfo
 *(.debug_srcinfo)

.debug_sfnames
 *(.debug_sfnames)

.debug_aranges  0x0000000000000000      0x600
 *(.debug_aranges)
 .debug_aranges
                0x0000000000000000       0x30 obj/kern/bootstrap.o
 .debug_aranges
                0x0000000000000030       0x30 obj/kern/entry.o
 .debug_aranges
                0x0000000000000060       0x30 obj/kern/init.o
 .debug_aranges
                0x0000000000000090       0x30 obj/kern/console.o
 .debug_aranges
                0x00000000000000c0       0x30 obj/kern/monitor.o
 .debug_aranges
                0x00000000000000f0       0x30 obj/kern/pmap.o
 .debug_aranges
                0x0000000000000120       0x30 obj/kern/env.o
 .debug_aranges
                0x0000000000000150       0x30 obj/kern/kclock.o
 .debug_aranges
                0x0000000000000180       0x30 obj/kern/picirq.o
 .debug_aranges
                0x00000000000001b0       0x30 obj/kern/printf.o
 .debug_aranges
                0x00000000000001e0       0x30 obj/kern/trap.o
 .debug_aranges
                0x0000000000000210       0x30 obj/kern/trapentry.o
 .debug_aranges
                0x0000000000000240       0x30 obj/kern/sched.o
 .debug_aranges
                0x0000000000000270       0x30 obj/kern/syscall.o
 .debug_aranges
                0x00000000000002a0       0x30 obj/kern/kdebug.o
 .debug_aranges
                0x00000000000002d0       0x30 obj/kern/printfmt.o
 .debug_aranges
                0x0000000000000300       0x30 obj/kern/readline.o
 .debug_aranges
                0x0000000000000330       0x30 obj/kern/string.o
 .debug_aranges
                0x0000000000000360       0x30 obj/kern/libdwarf_rw.o
 .debug_aranges
                0x0000000000000390       0x30 obj/kern/libdwarf_frame.o
 .debug_aranges
                0x00000000000003c0       0x30 obj/kern/libdwarf_lineno.o
 .debug_aranges
                0x00000000000003f0       0x30 obj/kern/elf_rw.o
 .debug_aranges
                0x0000000000000420       0x30 obj/kern/mpentry.o
 .debug_aranges
                0x0000000000000450       0x30 obj/kern/mpconfig.o
 .debug_aranges
                0x0000000000000480       0x30 obj/kern/lapic.o
 .debug_aranges
                0x00000000000004b0       0x30 obj/kern/spinlock.o
 .debug_aranges
                0x00000000000004e0       0x30 obj/kern/e1000.o
 .debug_aranges
                0x0000000000000510       0x30 obj/kern/pci.o
 .debug_aranges
                0x0000000000000540       0x30 obj/kern/time.o
 .debug_aranges
                0x0000000000000570       0x30 obj/vmm/ept.o
 .debug_aranges
                0x00000000000005a0       0x30 obj/vmm/vmx.o
 .debug_aranges
                0x00000000000005d0       0x30 obj/vmm/vmexits.o

.debug_pubnames
 *(.debug_pubnames)

.debug_info     0x0000000000000000    0x16861
 *(.debug_info .gnu.linkonce.wi.*)
 .debug_info    0x0000000000000000       0x66 obj/kern/bootstrap.o
 .debug_info    0x0000000000000066       0x62 obj/kern/entry.o
 .debug_info    0x00000000000000c8      0xb62 obj/kern/init.o
 .debug_info    0x0000000000000c2a      0xcb8 obj/kern/console.o
 .debug_info    0x00000000000018e2      0x8de obj/kern/monitor.o
 .debug_info    0x00000000000021c0     0x23db obj/kern/pmap.o
 .debug_info    0x000000000000459b     0x14d0 obj/kern/env.o
 .debug_info    0x0000000000005a6b      0x1ee obj/kern/kclock.o
 .debug_info    0x0000000000005c59      0x483 obj/kern/picirq.o
 .debug_info    0x00000000000060dc      0x1ec obj/kern/printf.o
 .debug_info    0x00000000000062c8     0x12ae obj/kern/trap.o
 .debug_info    0x0000000000007576       0x66 obj/kern/trapentry.o
 .debug_info    0x00000000000075dc      0x903 obj/kern/sched.o
 .debug_info    0x0000000000007edf     0x1165 obj/kern/syscall.o
 .debug_info    0x0000000000009044     0x154d obj/kern/kdebug.o
 .debug_info    0x000000000000a591      0x5f5 obj/kern/printfmt.o
 .debug_info    0x000000000000ab86      0x169 obj/kern/readline.o
 .debug_info    0x000000000000acef      0x6a6 obj/kern/string.o
 .debug_info    0x000000000000b395     0x1425 obj/kern/libdwarf_rw.o
 .debug_info    0x000000000000c7ba     0x1094 obj/kern/libdwarf_frame.o
 .debug_info    0x000000000000d84e      0xdf0 obj/kern/libdwarf_lineno.o
 .debug_info    0x000000000000e63e      0x96b obj/kern/elf_rw.o
 .debug_info    0x000000000000efa9       0x64 obj/kern/mpentry.o
 .debug_info    0x000000000000f00d      0xcc8 obj/kern/mpconfig.o
 .debug_info    0x000000000000fcd5      0x8ec obj/kern/lapic.o
 .debug_info    0x00000000000105c1      0xa4a obj/kern/spinlock.o
 .debug_info    0x000000000001100b      0x598 obj/kern/e1000.o
 .debug_info    0x00000000000115a3      0x70a obj/kern/pci.o
 .debug_info    0x0000000000011cad       0xaf obj/kern/time.o
 .debug_info    0x0000000000011d5c      0xe25 obj/vmm/ept.o
 .debug_info    0x0000000000012b81     0x2b2d obj/vmm/vmx.o
 .debug_info    0x00000000000156ae     0x11b3 obj/vmm/vmexits.o

.debug_abbrev   0x0000000000000000     0x37d9
 *(.debug_abbrev)
 .debug_abbrev  0x0000000000000000       0x14 obj/kern/bootstrap.o
 .debug_abbrev  0x0000000000000014       0x14 obj/kern/entry.o
 .debug_abbrev  0x0000000000000028      0x26a obj/kern/init.o
 .debug_abbrev  0x0000000000000292      0x2d5 obj/kern/console.o
 .debug_abbrev  0x0000000000000567      0x1ef obj/kern/monitor.o
 .debug_abbrev  0x0000000000000756      0x2c7 obj/kern/pmap.o
 .debug_abbrev  0x0000000000000a1d      0x31e obj/kern/env.o
 .debug_abbrev  0x0000000000000d3b      0x102 obj/kern/kclock.o
 .debug_abbrev  0x0000000000000e3d       0xf0 obj/kern/picirq.o
 .debug_abbrev  0x0000000000000f2d       0xef obj/kern/printf.o
 .debug_abbrev  0x000000000000101c      0x32b obj/kern/trap.o
 .debug_abbrev  0x0000000000001347       0x14 obj/kern/trapentry.o
 .debug_abbrev  0x000000000000135b      0x1dc obj/kern/sched.o
 .debug_abbrev  0x0000000000001537      0x27a obj/kern/syscall.o
 .debug_abbrev  0x00000000000017b1      0x264 obj/kern/kdebug.o
 .debug_abbrev  0x0000000000001a15      0x1e6 obj/kern/printfmt.o
 .debug_abbrev  0x0000000000001bfb       0xab obj/kern/readline.o
 .debug_abbrev  0x0000000000001ca6      0x115 obj/kern/string.o
 .debug_abbrev  0x0000000000001dbb      0x1f8 obj/kern/libdwarf_rw.o
 .debug_abbrev  0x0000000000001fb3      0x22a obj/kern/libdwarf_frame.o
 .debug_abbrev  0x00000000000021dd      0x223 obj/kern/libdwarf_lineno.o
 .debug_abbrev  0x0000000000002400      0x1e0 obj/kern/elf_rw.o
 .debug_abbrev  0x00000000000025e0       0x14 obj/kern/mpentry.o
 .debug_abbrev  0x00000000000025f4      0x22e obj/kern/mpconfig.o
 .debug_abbrev  0x0000000000002822      0x1d5 obj/kern/lapic.o
 .debug_abbrev  0x00000000000029f7      0x23f obj/kern/spinlock.o
 .debug_abbrev  0x0000000000002c36      0x129 obj/kern/e1000.o
 .debug_abbrev  0x0000000000002d5f      0x1c4 obj/kern/pci.o
 .debug_abbrev  0x0000000000002f23       0x78 obj/kern/time.o
 .debug_abbrev  0x0000000000002f9b      0x223 obj/vmm/ept.o
 .debug_abbrev  0x00000000000031be      0x3ae obj/vmm/vmx.o
 .debug_abbrev  0x000000000000356c      0x26d obj/vmm/vmexits.o

.debug_line     0x0000000000000000     0x4dbb
 *(.debug_line)
 .debug_line    0x0000000000000000       0x99 obj/kern/bootstrap.o
 .debug_line    0x0000000000000099       0x51 obj/kern/entry.o
 .debug_line    0x00000000000000ea      0x1aa obj/kern/init.o
 .debug_line    0x0000000000000294      0x2af obj/kern/console.o
 .debug_line    0x0000000000000543      0x1b0 obj/kern/monitor.o
 .debug_line    0x00000000000006f3      0xe76 obj/kern/pmap.o
 .debug_line    0x0000000000001569      0x497 obj/kern/env.o
 .debug_line    0x0000000000001a00       0x89 obj/kern/kclock.o
 .debug_line    0x0000000000001a89       0xad obj/kern/picirq.o
 .debug_line    0x0000000000001b36       0x82 obj/kern/printf.o
 .debug_line    0x0000000000001bb8      0x325 obj/kern/trap.o
 .debug_line    0x0000000000001edd       0x75 obj/kern/trapentry.o
 .debug_line    0x0000000000001f52      0x196 obj/kern/sched.o
 .debug_line    0x00000000000020e8      0x2cd obj/kern/syscall.o
 .debug_line    0x00000000000023b5      0x1e3 obj/kern/kdebug.o
 .debug_line    0x0000000000002598      0x28e obj/kern/printfmt.o
 .debug_line    0x0000000000002826       0x94 obj/kern/readline.o
 .debug_line    0x00000000000028ba      0x1eb obj/kern/string.o
 .debug_line    0x0000000000002aa5      0x45a obj/kern/libdwarf_rw.o
 .debug_line    0x0000000000002eff      0x4f9 obj/kern/libdwarf_frame.o
 .debug_line    0x00000000000033f8      0x206 obj/kern/libdwarf_lineno.o
 .debug_line    0x00000000000035fe      0x231 obj/kern/elf_rw.o
 .debug_line    0x000000000000382f       0x74 obj/kern/mpentry.o
 .debug_line    0x00000000000038a3      0x1f9 obj/kern/mpconfig.o
 .debug_line    0x0000000000003a9c      0x16a obj/kern/lapic.o
 .debug_line    0x0000000000003c06      0x17a obj/kern/spinlock.o
 .debug_line    0x0000000000003d80      0x17e obj/kern/e1000.o
 .debug_line    0x0000000000003efe      0x1dc obj/kern/pci.o
 .debug_line    0x00000000000040da       0x50 obj/kern/time.o
 .debug_line    0x000000000000412a      0x2e4 obj/vmm/ept.o
 .debug_line    0x000000000000440e      0x73f obj/vmm/vmx.o
 .debug_line    0x0000000000004b4d      0x26e obj/vmm/vmexits.o

.debug_frame
 *(.debug_frame)

.debug_str      0x0000000000000000     0x34da
 *(.debug_str)
 .debug_str     0x0000000000000000      0x640 obj/kern/init.o
                                        0x6e9 (size before relaxing)
 .debug_str     0x0000000000000640      0x149 obj/kern/console.o
                                        0x2be (size before relaxing)
 .debug_str     0x0000000000000789      0x171 obj/kern/monitor.o
                                        0x458 (size before relaxing)
 .debug_str     0x00000000000008fa      0x54c obj/kern/pmap.o
                                        0xb53 (size before relaxing)
 .debug_str     0x0000000000000e46      0x334 obj/kern/env.o
                                        0xa41 (size before relaxing)
 .debug_str     0x000000000000117a       0x31 obj/kern/kclock.o
                                        0x17b (size before relaxing)
 .debug_str     0x00000000000011ab       0x35 obj/kern/picirq.o
                                        0x1ae (size before relaxing)
 .debug_str     0x00000000000011e0       0x17 obj/kern/printf.o
                                        0x1b0 (size before relaxing)
 .debug_str     0x00000000000011f7      0x282 obj/kern/trap.o
                                        0x928 (size before relaxing)
 .debug_str     0x0000000000001479       0x29 obj/kern/sched.o
                                        0x632 (size before relaxing)
 .debug_str     0x00000000000014a2      0x3b6 obj/kern/syscall.o
                                        0xa9b (size before relaxing)
 .debug_str     0x0000000000001858      0x905 obj/kern/kdebug.o
                                       0x1011 (size before relaxing)
 .debug_str     0x000000000000215d       0x93 obj/kern/printfmt.o
                                        0x350 (size before relaxing)
 .debug_str     0x00000000000021f0       0x27 obj/kern/readline.o
                                        0x1ec (size before relaxing)
 .debug_str     0x0000000000002217       0x9e obj/kern/string.o
                                        0x209 (size before relaxing)
 .debug_str     0x00000000000022b5      0x25c obj/kern/libdwarf_rw.o
                                        0xbff (size before relaxing)
 .debug_str     0x0000000000002511      0x2d2 obj/kern/libdwarf_frame.o
                                        0xb58 (size before relaxing)
 .debug_str     0x00000000000027e3      0x1bd obj/kern/libdwarf_lineno.o
                                        0xba6 (size before relaxing)
 .debug_str     0x00000000000029a0      0x144 obj/kern/elf_rw.o
                                        0x463 (size before relaxing)
 .debug_str     0x0000000000002ae4       0xbe obj/kern/mpconfig.o
                                        0x699 (size before relaxing)
 .debug_str     0x0000000000002ba2       0x52 obj/kern/lapic.o
                                        0x5e3 (size before relaxing)
 .debug_str     0x0000000000002bf4       0x4d obj/kern/spinlock.o
                                        0x6ad (size before relaxing)
 .debug_str     0x0000000000002c41       0xd6 obj/kern/e1000.o
                                        0x37c (size before relaxing)
 .debug_str     0x0000000000002d17      0x16f obj/kern/pci.o
                                        0x34e (size before relaxing)
 .debug_str     0x0000000000002e86       0x26 obj/kern/time.o
                                        0x10a (size before relaxing)
 .debug_str     0x0000000000002eac      0x15a obj/vmm/ept.o
                                        0x7e3 (size before relaxing)
 .debug_str     0x0000000000003006      0x393 obj/vmm/vmx.o
                                        0xaff (size before relaxing)
 .debug_str     0x0000000000003399      0x141 obj/vmm/vmexits.o
                                        0x905 (size before relaxing)

.debug_loc      0x0000000000000000     0x6f30
 *(.debug_loc)
 .debug_loc     0x0000000000000000      0x264 obj/kern/init.o
 .debug_loc     0x0000000000000264      0x6c0 obj/kern/console.o
 .debug_loc     0x0000000000000924      0x240 obj/kern/monitor.o
 .debug_loc     0x0000000000000b64      0xc00 obj/kern/pmap.o
 .debug_loc     0x0000000000001764      0x6f8 obj/kern/env.o
 .debug_loc     0x0000000000001e5c       0xc0 obj/kern/kclock.o
 .debug_loc     0x0000000000001f1c      0x120 obj/kern/picirq.o
 .debug_loc     0x000000000000203c      0x120 obj/kern/printf.o
 .debug_loc     0x000000000000215c      0x398 obj/kern/trap.o
 .debug_loc     0x00000000000024f4      0x1e0 obj/kern/sched.o
 .debug_loc     0x00000000000026d4      0xa58 obj/kern/syscall.o
 .debug_loc     0x000000000000312c       0xc0 obj/kern/kdebug.o
 .debug_loc     0x00000000000031ec      0x300 obj/kern/printfmt.o
 .debug_loc     0x00000000000034ec       0x60 obj/kern/readline.o
 .debug_loc     0x000000000000354c      0x660 obj/kern/string.o
 .debug_loc     0x0000000000003bac      0x900 obj/kern/libdwarf_rw.o
 .debug_loc     0x00000000000044ac      0x540 obj/kern/libdwarf_frame.o
 .debug_loc     0x00000000000049ec      0x180 obj/kern/libdwarf_lineno.o
 .debug_loc     0x0000000000004b6c      0x240 obj/kern/elf_rw.o
 .debug_loc     0x0000000000004dac      0x1e0 obj/kern/mpconfig.o
 .debug_loc     0x0000000000004f8c      0x2a0 obj/kern/lapic.o
 .debug_loc     0x000000000000522c      0x240 obj/kern/spinlock.o
 .debug_loc     0x000000000000546c      0x120 obj/kern/e1000.o
 .debug_loc     0x000000000000558c      0x3c0 obj/kern/pci.o
 .debug_loc     0x000000000000594c      0x120 obj/kern/time.o
 .debug_loc     0x0000000000005a6c      0x58c obj/vmm/ept.o
 .debug_loc     0x0000000000005ff8      0x94c obj/vmm/vmx.o
 .debug_loc     0x0000000000006944      0x5ec obj/vmm/vmexits.o

.comment        0x0000000000000000       0x2b
 .comment       0x0000000000000000       0x2b obj/kern/init.o
                                         0x2c (size before relaxing)
 .comment       0x0000000000000000       0x2c obj/kern/console.o
 .comment       0x0000000000000000       0x2c obj/kern/monitor.o
 .comment       0x0000000000000000       0x2c obj/kern/pmap.o
 .comment       0x0000000000000000       0x2c obj/kern/env.o
 .comment       0x0000000000000000       0x2c obj/kern/kclock.o
 .comment       0x0000000000000000       0x2c obj/kern/picirq.o
 .comment       0x0000000000000000       0x2c obj/kern/printf.o
 .comment       0x0000000000000000       0x2c obj/kern/trap.o
 .comment       0x0000000000000000       0x2c obj/kern/sched.o
 .comment       0x0000000000000000       0x2c obj/kern/syscall.o
 .comment       0x0000000000000000       0x2c obj/kern/kdebug.o
 .comment       0x0000000000000000       0x2c obj/kern/printfmt.o
 .comment       0x0000000000000000       0x2c obj/kern/readline.o
 .comment       0x0000000000000000       0x2c obj/kern/string.o
 .comment       0x0000000000000000       0x2c obj/kern/libdwarf_rw.o
 .comment       0x0000000000000000       0x2c obj/kern/libdwarf_frame.o
 .comment       0x0000000000000000       0x2c obj/kern/libdwarf_lineno.o
 .comment       0x0000000000000000       0x2c obj/kern/elf_rw.o
 .comment       0x0000000000000000       0x2c obj/kern/mpconfig.o
 .comment       0x0000000000000000       0x2c obj/kern/lapic.o
 .comment       0x0000000000000000       0x2c obj/kern/spinlock.o
 .comment       0x0000000000000000       0x2c obj/kern/e1000.o
 .comment       0x0000000000000000       0x2c obj/kern/pci.o
 .comment       0x0000000000000000       0x2c obj/kern/time.o
 .comment       0x0000000000000000       0x2c obj/vmm/ept.o
 .comment       0x0000000000000000       0x2c obj/vmm/vmx.o
 .comment       0x0000000000000000       0x2c obj/vmm/vmexits.o

.debug_macinfo
 *(.debug_macinfo)

.debug_weaknames
 *(.debug_weaknames)

.debug_funcnames
 *(.debug_funcnames)

.debug_typenames
 *(.debug_typenames)

.debug_varnames
 *(.debug_varnames)

/DISCARD/
 *(.note.GNU-stack)
LOAD obj/kern/entry.o
LOAD obj/kern/bootstrap.o
LOAD obj/kern/init.o
LOAD obj/kern/console.o
LOAD obj/kern/monitor.o
LOAD obj/kern/pmap.o
LOAD obj/kern/env.o
LOAD obj/kern/kclock.o
LOAD obj/kern/picirq.o
LOAD obj/kern/printf.o
LOAD obj/kern/trap.o
LOAD obj/kern/trapentry.o
LOAD obj/kern/sched.o
LOAD obj/kern/syscall.o
LOAD obj/kern/kdebug.o
LOAD obj/kern/printfmt.o
LOAD obj/kern/readline.o
LOAD obj/kern/string.o
LOAD obj/kern/libdwarf_rw.o
LOAD obj/kern/libdwarf_frame.o
LOAD obj/kern/libdwarf_lineno.o
LOAD obj/kern/elf_rw.o
LOAD obj/kern/mpentry.o
LOAD obj/kern/mpconfig.o
LOAD obj/kern/lapic.o
LOAD obj/kern/spinlock.o
LOAD obj/kern/e1000.o
LOAD obj/kern/pci.o
LOAD obj/kern/time.o
LOAD obj/vmm/ept.o
LOAD obj/vmm/vmx.o
LOAD obj/vmm/vmexits.o
LOAD /usr/lib/gcc/x86_64-linux-gnu/4.8/libgcc.a
TARGET(binary)
LOAD obj/user/hello
LOAD obj/user/idle
LOAD obj/user/testfile
LOAD obj/user/writemotd
LOAD obj/user/spawnhello
LOAD obj/user/icode
LOAD obj/fs/fs
LOAD obj/user/testtime
LOAD obj/user/httpd
LOAD obj/user/echosrv
LOAD obj/user/echotest
LOAD obj/net/testoutput
LOAD obj/net/testinput
LOAD obj/net/ns
LOAD obj/user/testpteshare
LOAD obj/user/testfdsharing
LOAD obj/user/testpipe
LOAD obj/user/testpiperace
LOAD obj/user/testpiperace2
LOAD obj/user/primespipe
LOAD obj/user/testkbd
LOAD obj/user/testshell
LOAD obj/user/vmm
LOAD obj/user/sh
OUTPUT(obj/kern/kernel elf64-x86-64)
