
Allocating common symbols
Common symbol       size              file

global_rules_shadow
                    0x630             vmm/guest/obj/kern/libdwarf_frame.o
ismp                0x4               vmm/guest/obj/kern/mpconfig.o
lapicaddr           0x8               vmm/guest/obj/kern/lapic.o
ts                  0x68              vmm/guest/obj/kern/trap.o
end_debug           0x8               vmm/guest/obj/kern/init.o
mydebug             0x60              vmm/guest/obj/kern/kdebug.o
panicstr            0x8               vmm/guest/obj/kern/init.o
boot_cr3            0x8               vmm/guest/obj/kern/pmap.o
mpentry_kstack      0x8               vmm/guest/obj/kern/init.o
cpus                0x220             vmm/guest/obj/kern/mpconfig.o
global_std_op       0x200             vmm/guest/obj/kern/libdwarf_lineno.o
lapic               0x8               vmm/guest/obj/kern/lapic.o
bootcpu             0x8               vmm/guest/obj/kern/mpconfig.o
_cie                0x78              vmm/guest/obj/kern/kdebug.o
global_rules        0x630             vmm/guest/obj/kern/libdwarf_frame.o
boot_pml4e          0x8               vmm/guest/obj/kern/pmap.o
ncpu                0x4               vmm/guest/obj/kern/mpconfig.o
_fde                0x80              vmm/guest/obj/kern/kdebug.o
npages              0x8               vmm/guest/obj/kern/pmap.o
pages               0x8               vmm/guest/obj/kern/pmap.o
percpu_kstacks      0x40000           vmm/guest/obj/kern/mpconfig.o

Discarded input sections

 .note.GNU-stack
                0x0000000000000000        0x0 vmm/guest/obj/kern/init.o
 .eh_frame      0x0000000000000000      0x138 vmm/guest/obj/kern/init.o
 .note.GNU-stack
                0x0000000000000000        0x0 vmm/guest/obj/kern/console.o
 .eh_frame      0x0000000000000000      0x258 vmm/guest/obj/kern/console.o
 .note.GNU-stack
                0x0000000000000000        0x0 vmm/guest/obj/kern/monitor.o
 .eh_frame      0x0000000000000000       0xd8 vmm/guest/obj/kern/monitor.o
 .note.GNU-stack
                0x0000000000000000        0x0 vmm/guest/obj/kern/pmap.o
 .eh_frame      0x0000000000000000      0x448 vmm/guest/obj/kern/pmap.o
 .note.GNU-stack
                0x0000000000000000        0x0 vmm/guest/obj/kern/env.o
 .eh_frame      0x0000000000000000      0x248 vmm/guest/obj/kern/env.o
 .note.GNU-stack
                0x0000000000000000        0x0 vmm/guest/obj/kern/kclock.o
 .eh_frame      0x0000000000000000       0x58 vmm/guest/obj/kern/kclock.o
 .note.GNU-stack
                0x0000000000000000        0x0 vmm/guest/obj/kern/picirq.o
 .eh_frame      0x0000000000000000       0x78 vmm/guest/obj/kern/picirq.o
 .note.GNU-stack
                0x0000000000000000        0x0 vmm/guest/obj/kern/printf.o
 .eh_frame      0x0000000000000000       0x78 vmm/guest/obj/kern/printf.o
 .note.GNU-stack
                0x0000000000000000        0x0 vmm/guest/obj/kern/trap.o
 .eh_frame      0x0000000000000000      0x158 vmm/guest/obj/kern/trap.o
 .note.GNU-stack
                0x0000000000000000        0x0 vmm/guest/obj/kern/sched.o
 .eh_frame      0x0000000000000000       0x98 vmm/guest/obj/kern/sched.o
 .note.GNU-stack
                0x0000000000000000        0x0 vmm/guest/obj/kern/syscall.o
 .eh_frame      0x0000000000000000      0x260 vmm/guest/obj/kern/syscall.o
 .note.GNU-stack
                0x0000000000000000        0x0 vmm/guest/obj/kern/kdebug.o
 .eh_frame      0x0000000000000000       0x60 vmm/guest/obj/kern/kdebug.o
 .note.GNU-stack
                0x0000000000000000        0x0 vmm/guest/obj/kern/printfmt.o
 .eh_frame      0x0000000000000000      0x128 vmm/guest/obj/kern/printfmt.o
 .note.GNU-stack
                0x0000000000000000        0x0 vmm/guest/obj/kern/readline.o
 .eh_frame      0x0000000000000000       0x38 vmm/guest/obj/kern/readline.o
 .note.GNU-stack
                0x0000000000000000        0x0 vmm/guest/obj/kern/string.o
 .eh_frame      0x0000000000000000      0x238 vmm/guest/obj/kern/string.o
 .note.GNU-stack
                0x0000000000000000        0x0 vmm/guest/obj/kern/libdwarf_rw.o
 .eh_frame      0x0000000000000000      0x320 vmm/guest/obj/kern/libdwarf_rw.o
 .note.GNU-stack
                0x0000000000000000        0x0 vmm/guest/obj/kern/libdwarf_frame.o
 .eh_frame      0x0000000000000000      0x1e8 vmm/guest/obj/kern/libdwarf_frame.o
 .note.GNU-stack
                0x0000000000000000        0x0 vmm/guest/obj/kern/libdwarf_lineno.o
 .eh_frame      0x0000000000000000       0xb0 vmm/guest/obj/kern/libdwarf_lineno.o
 .note.GNU-stack
                0x0000000000000000        0x0 vmm/guest/obj/kern/elf_rw.o
 .eh_frame      0x0000000000000000       0xd8 vmm/guest/obj/kern/elf_rw.o
 .note.GNU-stack
                0x0000000000000000        0x0 vmm/guest/obj/kern/mpconfig.o
 .eh_frame      0x0000000000000000       0xc0 vmm/guest/obj/kern/mpconfig.o
 .note.GNU-stack
                0x0000000000000000        0x0 vmm/guest/obj/kern/lapic.o
 .eh_frame      0x0000000000000000       0xf8 vmm/guest/obj/kern/lapic.o
 .note.GNU-stack
                0x0000000000000000        0x0 vmm/guest/obj/kern/spinlock.o
 .eh_frame      0x0000000000000000       0xf0 vmm/guest/obj/kern/spinlock.o
 .note.GNU-stack
                0x0000000000000000        0x0 vmm/guest/obj/kern/e1000.o
 .eh_frame      0x0000000000000000       0x78 vmm/guest/obj/kern/e1000.o
 .note.GNU-stack
                0x0000000000000000        0x0 vmm/guest/obj/kern/pci.o
 .eh_frame      0x0000000000000000      0x158 vmm/guest/obj/kern/pci.o
 .note.GNU-stack
                0x0000000000000000        0x0 vmm/guest/obj/kern/time.o
 .eh_frame      0x0000000000000000       0x78 vmm/guest/obj/kern/time.o

Memory Configuration

Name             Origin             Length             Attributes
*default*        0x0000000000000000 0xffffffffffffffff

Linker script and memory map

                0x0000000000100000                . = 0x100000

.bootstrap      0x0000000000100000     0x7004
 vmm/guest/obj/kern/bootstrap.o(.text .data .bss)
 .text          0x0000000000100000      0x114 vmm/guest/obj/kern/bootstrap.o
                0x0000000000100000                _head64
                0x00000000001000e4                jumpto_longmode
 *fill*         0x0000000000100114      0xeec 
 .data          0x0000000000101000     0x6004 vmm/guest/obj/kern/bootstrap.o
                0x0000000000102000                pml4phys
                0x0000000000107000                multiboot_info
 .bss           0x0000000000107004        0x0 vmm/guest/obj/kern/bootstrap.o
                0x0000008004200000                . = 0x8004200000

.text           0x0000008004200000    0x188eb load address 0x0000000000200000
 *(EXCLUDE_FILE(vmm/guest/obj/kern/bootstrap.o) .text .stub .text.* .gnu.linkonce.t.*)
 .text          0x0000008004200000       0x58 vmm/guest/obj/kern/entry.o
                0x000000800420000c                entry
                0x000000000020000c                _start
 .text          0x0000008004200058      0x7b0 vmm/guest/obj/kern/init.o
                0x000000800420010f                vmcall
                0x000000800420019e                i386_init
                0x000000800420051e                mp_main
                0x00000080042005e4                _panic
                0x000000800420071b                _warn
 .text          0x0000008004200808      0xb84 vmm/guest/obj/kern/console.o
                0x0000008004200898                serial_intr
                0x0000008004201113                kbd_intr
                0x00000080042011ed                cons_getc
                0x00000080042012e1                cons_init
                0x000000800420133a                cputchar
                0x0000008004201358                getchar
                0x000000800420137a                iscons
 .text          0x000000800420138c      0x8ae vmm/guest/obj/kern/monitor.o
                0x000000800420138c                mon_help
                0x0000008004201423                mon_kerninfo
                0x00000080042015b1                mon_backtrace
                0x0000008004201b99                monitor
 .text          0x0000008004201c3a     0x61a7 vmm/guest/obj/kern/pmap.o
                0x0000008004202776                x64_vm_init
                0x0000008004202d30                page_init
                0x0000008004202fe0                page_alloc
                0x0000008004203092                page_free
                0x0000008004203114                page_decref
                0x0000008004203155                pml4e_walk
                0x00000080042033ce                pdpe_walk
                0x0000008004203647                pgdir_walk
                0x0000008004203b52                page_insert
                0x0000008004203ec2                page_lookup
                0x0000008004203f4d                page_remove
                0x0000008004203fc0                tlb_invalidate
                0x000000800420408f                mmio_map_region
                0x0000008004204184                user_mem_check
                0x00000080042042a4                user_mem_assert
 .text          0x0000008004207de1     0x1425 vmm/guest/obj/kern/env.o
                0x0000008004207f46                envid2env
                0x00000080042080a6                env_init
                0x0000008004208173                env_init_percpu
                0x00000080042082d5                env_alloc
                0x0000008004208563                load_icode
                0x0000008004208936                env_create
                0x00000080042089de                env_free
                0x0000008004208e6a                env_destroy
                0x0000008004208f59                env_pop_tf
                0x0000008004209035                env_run
 .text          0x0000008004209206       0x7c vmm/guest/obj/kern/kclock.o
                0x0000008004209206                mc146818_read
                0x0000008004209242                mc146818_write
 .text          0x0000008004209282      0x273 vmm/guest/obj/kern/picirq.o
                0x0000008004209282                pic_init
                0x00000080042093d4                irq_setmask_8259A
                0x00000080042094c5                irq_eoi
 .text          0x00000080042094f5      0x165 vmm/guest/obj/kern/printf.o
                0x0000008004209523                vcprintf
                0x0000008004209582                cprintf
 .text          0x000000800420965a     0x3a66 vmm/guest/obj/kern/trap.o
                0x00000080042096fa                trap_init
                0x000000800420bdfd                trap_init_percpu
                0x000000800420c279                print_trapframe
                0x000000800420c58a                print_regs
                0x000000800420c9f1                trap
                0x000000800420cd4e                page_fault_handler
 .text          0x000000800420d0c0      0x1c2 vmm/guest/obj/kern/trapentry.o
                0x000000800420d0c0                Xdivide
                0x000000800420d0ca                Xdebug
                0x000000800420d0d4                Xnmi
                0x000000800420d0de                Xbrkpt
                0x000000800420d0e8                Xoflow
                0x000000800420d0f2                Xbound
                0x000000800420d0fc                Xillop
                0x000000800420d106                Xdevice
                0x000000800420d110                Xdblflt
                0x000000800420d118                Xtss
                0x000000800420d120                Xsegnp
                0x000000800420d128                Xstack
                0x000000800420d130                Xgpflt
                0x000000800420d138                Xpgflt
                0x000000800420d140                Xfperr
                0x000000800420d14a                Xalign
                0x000000800420d152                Xmchk
                0x000000800420d15c                Xirq0
                0x000000800420d166                Xirq1
                0x000000800420d170                Xirq2
                0x000000800420d17a                Xirq3
                0x000000800420d184                Xirq4
                0x000000800420d18e                Xirq5
                0x000000800420d198                Xirq6
                0x000000800420d1a2                Xirq7
                0x000000800420d1ac                Xirq8
                0x000000800420d1b6                Xirq9
                0x000000800420d1c0                Xirq10
                0x000000800420d1ca                Xirq11
                0x000000800420d1d4                Xirq12
                0x000000800420d1de                Xirq13
                0x000000800420d1e8                Xirq14
                0x000000800420d1f2                Xirq15
                0x000000800420d1fc                Xsyscall
                0x000000800420d206                Xdefault
                0x000000800420d210                _alltraps
 .text          0x000000800420d282      0x42c vmm/guest/obj/kern/sched.o
                0x000000800420d2c5                sched_yield
                0x000000800420d4ad                sched_halt
 .text          0x000000800420d6ae      0xe78 vmm/guest/obj/kern/syscall.o
                0x000000800420e2e5                syscall
 .text          0x000000800420e526      0xc2f vmm/guest/obj/kern/kdebug.o
                0x000000800420e526                list_func_die
                0x000000800420ec8c                debuginfo_rip
 .text          0x000000800420f155      0xa71 vmm/guest/obj/kern/printfmt.o
                0x000000800420f430                vprintfmt
                0x000000800420f948                printfmt
                0x000000800420fa48                vsnprintf
                0x000000800420fae5                snprintf
 .text          0x000000800420fbc6      0x155 vmm/guest/obj/kern/readline.o
                0x000000800420fbc6                readline
 .text          0x000000800420fd1b      0x7c5 vmm/guest/obj/kern/string.o
                0x000000800420fd1b                strlen
                0x000000800420fd49                strnlen
                0x000000800420fd87                strcpy
                0x000000800420fdca                strcat
                0x000000800420fe19                strncpy
                0x000000800420fe79                strlcpy
                0x000000800420fee9                strcmp
                0x000000800420ff3c                strncmp
                0x000000800420ffad                strchr
                0x000000800420ffe9                strfind
                0x0000008004210020                memset
                0x00000080042100ab                memmove
                0x00000080042101c2                memcpy
                0x00000080042101f6                memcmp
                0x000000800421026a                memfind
                0x00000080042102b3                strtol
                0x0000008004210445                strstr
 .text          0x00000080042104e0     0x1f4d vmm/guest/obj/kern/libdwarf_rw.o
                0x00000080042104e0                _dwarf_read_lsb
                0x000000800421060c                _dwarf_decode_lsb
                0x000000800421072d                _dwarf_read_msb
                0x00000080042108df                _dwarf_decode_msb
                0x0000008004210a8e                _dwarf_read_sleb128
                0x0000008004210b32                _dwarf_read_uleb128
                0x0000008004210bb1                _dwarf_decode_sleb128
                0x0000008004210c43                _dwarf_decode_uleb128
                0x0000008004210cb0                _dwarf_read_string
                0x0000008004210d3f                _dwarf_read_block
                0x0000008004210d88                _dwarf_elf_get_byte_order
                0x0000008004210df6                _dwarf_elf_get_pointer_size
                0x0000008004210e60                _dwarf_init
                0x0000008004210f42                _get_next_cu
                0x00000080042110dd                print_cu
                0x0000008004211114                _dwarf_abbrev_parse
                0x0000008004211397                _dwarf_abbrev_find
                0x00000080042114c8                _dwarf_attr_init
                0x0000008004211b59                dwarf_search_die_within_cu
                0x0000008004211e52                dwarf_offdie
                0x0000008004211f55                _dwarf_attr_find
                0x0000008004211fe8                dwarf_siblingof
                0x000000800421222c                dwarf_child
                0x00000080042123d0                _dwarf_find_section_enhanced
 .text          0x000000800421242d     0x257f vmm/guest/obj/kern/libdwarf_frame.o
                0x000000800421242d                _dwarf_frame_params_init
                0x000000800421246d                dwarf_get_fde_at_pc
                0x000000800421253f                _dwarf_frame_regtable_copy
                0x00000080042134ec                _dwarf_frame_get_internal_table
                0x0000008004213779                dwarf_get_fde_info_for_all_regs
                0x000000800421461b                _dwarf_frame_interal_table_init
                0x00000080042148d4                dwarf_set_frame_cfa_value
                0x0000008004214904                dwarf_init_eh_section
 .text          0x00000080042149ac      0xd4b vmm/guest/obj/kern/libdwarf_lineno.o
                0x0000008004215008                _dwarf_lineno_init
                0x000000800421557c                dwarf_srclines
 .text          0x00000080042156f7      0xd12 vmm/guest/obj/kern/elf_rw.o
                0x00000080042156f7                _dwarf_find_section
                0x0000008004215777                find_debug_sections
                0x0000008004215a40                read_section_headers
                0x000000800421617f                readseg
                0x00000080042162e3                waitdisk
                0x000000800421630f                readsect
 *fill*         0x0000008004216409        0x7 
 .text          0x0000008004216410       0xe7 vmm/guest/obj/kern/mpentry.o
                0x0000008004216410                mpentry_start
                0x00000080042164f6                mpentry_end
 .text          0x00000080042164f7      0x8f2 vmm/guest/obj/kern/mpconfig.o
                0x00000080042169cd                mp_init
 .text          0x0000008004216de9      0x473 vmm/guest/obj/kern/lapic.o
                0x0000008004216e2b                lapic_init
                0x0000008004217022                cpunum
                0x0000008004217057                lapic_eoi
                0x0000008004217092                lapic_startap
                0x0000008004217215                lapic_ipi
 .text          0x000000800421725c      0x472 vmm/guest/obj/kern/spinlock.o
                0x0000008004217379                __spin_initlock
                0x00000080042173ad                spin_lock
                0x0000008004217484                spin_unlock
 .text          0x00000080042176ce      0x680 vmm/guest/obj/kern/e1000.o
                0x00000080042176ce                e1000_attach
                0x0000008004217a59                e1000_transmit
                0x0000008004217bc8                e1000_receive
 .text          0x0000008004217d4e      0xafa vmm/guest/obj/kern/pci.o
                0x000000800421858b                pci_func_enable
                0x000000800421880c                pci_init
 .text          0x0000008004218848       0xa3 vmm/guest/obj/kern/time.o
                0x0000008004218848                time_init
                0x000000800421885e                time_tick
                0x00000080042188d0                time_msec
                0x00000080042188eb                PROVIDE (etext, .)

.iplt           0x00000080042188f0        0x0 load address 0x00000000002188f0
 .iplt          0x0000000000000000        0x0 vmm/guest/obj/kern/bootstrap.o

.rodata         0x0000008004218900     0x3039 load address 0x0000000000218900
 *(EXCLUDE_FILE(vmm/guest/obj/kern/bootstrap.o) .rodata .rodata.* .gnu.linkonce.r.*)
 .rodata        0x0000008004218900      0x13e vmm/guest/obj/kern/init.o
 .rodata        0x0000008004218a3e       0x36 vmm/guest/obj/kern/console.o
 *fill*         0x0000008004218a74        0x4 
 .rodata        0x0000008004218a78      0x2d9 vmm/guest/obj/kern/monitor.o
 *fill*         0x0000008004218d51        0x7 
 .rodata        0x0000008004218d58      0xf2c vmm/guest/obj/kern/pmap.o
 *fill*         0x0000008004219c84        0x4 
 .rodata        0x0000008004219c88      0x18e vmm/guest/obj/kern/env.o
 .rodata        0x0000008004219e16       0x1a vmm/guest/obj/kern/picirq.o
 *fill*         0x0000008004219e30       0x10 
 .rodata        0x0000008004219e40      0x4a0 vmm/guest/obj/kern/trap.o
 .rodata        0x000000800421a2e0       0x64 vmm/guest/obj/kern/sched.o
 *fill*         0x000000800421a344        0x4 
 .rodata        0x000000800421a348      0x198 vmm/guest/obj/kern/syscall.o
 .rodata        0x000000800421a4e0      0x37b vmm/guest/obj/kern/kdebug.o
 *fill*         0x000000800421a85b        0x5 
 .rodata        0x000000800421a860      0x4c8 vmm/guest/obj/kern/printfmt.o
 .rodata        0x000000800421ad28       0x13 vmm/guest/obj/kern/readline.o
 *fill*         0x000000800421ad3b        0x5 
 .rodata        0x000000800421ad40      0x1ab vmm/guest/obj/kern/libdwarf_rw.o
 *fill*         0x000000800421aeeb        0x5 
 .rodata        0x000000800421aef0      0x1d8 vmm/guest/obj/kern/libdwarf_frame.o
 .rodata        0x000000800421b0c8       0xc3 vmm/guest/obj/kern/libdwarf_lineno.o
 .rodata        0x000000800421b18b       0xa7 vmm/guest/obj/kern/elf_rw.o
 *fill*         0x000000800421b232        0x6 
 .rodata        0x000000800421b238      0x291 vmm/guest/obj/kern/mpconfig.o
 *fill*         0x000000800421b4c9        0x7 
 .rodata        0x000000800421b4d0       0x33 vmm/guest/obj/kern/lapic.o
 *fill*         0x000000800421b503        0x5 
 .rodata        0x000000800421b508       0xf1 vmm/guest/obj/kern/spinlock.o
 *fill*         0x000000800421b5f9        0x7 
 .rodata        0x000000800421b600       0x87 vmm/guest/obj/kern/e1000.o
 *fill*         0x000000800421b687        0x1 
 .rodata        0x000000800421b688      0x287 vmm/guest/obj/kern/pci.o
 .rodata        0x000000800421b90f       0x2a vmm/guest/obj/kern/time.o

.rela.dyn       0x000000800421b940        0x0 load address 0x000000000021b940
 .rela.iplt     0x0000000000000000        0x0 vmm/guest/obj/kern/bootstrap.o
 .rela.text     0x0000000000000000        0x0 vmm/guest/obj/kern/bootstrap.o
 .rela.data     0x0000000000000000        0x0 vmm/guest/obj/kern/bootstrap.o
                0x000000800421c000                . = ALIGN (0x1000)

.data           0x000000800421c000   0x280fd4 load address 0x000000000021c000
 *(EXCLUDE_FILE(vmm/guest/obj/kern/bootstrap.o) .data)
 .data          0x000000800421c000    0x10042 vmm/guest/obj/kern/entry.o
                0x000000800421c000                bootstack
                0x000000800422c000                kernel_64
                0x000000800422c000                bootstacktop
                0x000000800422c038                gdtdesc_64
 .data          0x000000800422c042        0x0 vmm/guest/obj/kern/init.o
 *fill*         0x000000800422c042       0x1e 
 .data          0x000000800422c060      0x520 vmm/guest/obj/kern/console.o
 .data          0x000000800422c580       0x60 vmm/guest/obj/kern/monitor.o
 .data          0x000000800422c5e0        0x8 vmm/guest/obj/kern/pmap.o
 *fill*         0x000000800422c5e8       0x18 
 .data          0x000000800422c600       0x72 vmm/guest/obj/kern/env.o
                0x000000800422c600                gdt
                0x000000800422c668                gdt_pd
 .data          0x000000800422c672        0x0 vmm/guest/obj/kern/kclock.o
 .data          0x000000800422c672        0x2 vmm/guest/obj/kern/picirq.o
                0x000000800422c672                irq_mask_8259A
 .data          0x000000800422c674        0x0 vmm/guest/obj/kern/printf.o
 .data          0x000000800422c674        0x0 vmm/guest/obj/kern/trap.o
 .data          0x000000800422c674        0x0 vmm/guest/obj/kern/trapentry.o
 .data          0x000000800422c674        0x0 vmm/guest/obj/kern/sched.o
 .data          0x000000800422c674        0x0 vmm/guest/obj/kern/syscall.o
 *fill*         0x000000800422c674        0x4 
 .data          0x000000800422c678       0x18 vmm/guest/obj/kern/kdebug.o
                0x000000800422c678                fde
                0x000000800422c680                cie
                0x000000800422c688                dbg
 .data          0x000000800422c690        0x0 vmm/guest/obj/kern/printfmt.o
 .data          0x000000800422c690        0x0 vmm/guest/obj/kern/readline.o
 .data          0x000000800422c690        0x0 vmm/guest/obj/kern/string.o
 .data          0x000000800422c690        0x0 vmm/guest/obj/kern/libdwarf_rw.o
 *fill*         0x000000800422c690       0x10 
 .data          0x000000800422c6a0       0x20 vmm/guest/obj/kern/libdwarf_frame.o
                0x000000800422c6a0                debug_frame_sec
 .data          0x000000800422c6c0        0x0 vmm/guest/obj/kern/libdwarf_lineno.o
 .data          0x000000800422c6c0       0xa0 vmm/guest/obj/kern/elf_rw.o
                0x000000800422c6c0                section_info
 .data          0x000000800422c760        0x0 vmm/guest/obj/kern/mpentry.o
 .data          0x000000800422c760        0x0 vmm/guest/obj/kern/mpconfig.o
 .data          0x000000800422c760        0x0 vmm/guest/obj/kern/lapic.o
 .data          0x000000800422c760       0x68 vmm/guest/obj/kern/spinlock.o
                0x000000800422c760                kernel_lock
 .data          0x000000800422c7c8        0x0 vmm/guest/obj/kern/e1000.o
 *fill*         0x000000800422c7c8       0x18 
 .data          0x000000800422c7e0       0x98 vmm/guest/obj/kern/pci.o
                0x000000800422c800                pci_attach_class
                0x000000800422c820                pci_attach_vendor
 .data          0x000000800422c878        0x0 vmm/guest/obj/kern/time.o
 .data          0x000000800422c878    0x16096 vmm/guest/obj/user/hello
                0x000000800422c878                _binary_vmm_guest_obj_user_hello_start
                0x000000800424290e                _binary_vmm_guest_obj_user_hello_end
 .data          0x000000800424290e    0x15b85 vmm/guest/obj/user/idle
                0x000000800424290e                _binary_vmm_guest_obj_user_idle_start
                0x0000008004258493                _binary_vmm_guest_obj_user_idle_end
 .data          0x0000008004258493    0x174c3 vmm/guest/obj/user/testfile
                0x0000008004258493                _binary_vmm_guest_obj_user_testfile_start
                0x000000800426f956                _binary_vmm_guest_obj_user_testfile_end
 .data          0x000000800426f956    0x15c12 vmm/guest/obj/user/writemotd
                0x000000800426f956                _binary_vmm_guest_obj_user_writemotd_start
                0x0000008004285568                _binary_vmm_guest_obj_user_writemotd_end
 .data          0x0000008004285568    0x18641 vmm/guest/obj/user/spawnhello
                0x0000008004285568                _binary_vmm_guest_obj_user_spawnhello_start
                0x000000800429dba9                _binary_vmm_guest_obj_user_spawnhello_end
 .data          0x000000800429dba9    0x18184 vmm/guest/obj/user/icode
                0x000000800429dba9                _binary_vmm_guest_obj_user_icode_start
                0x00000080042b5d2d                _binary_vmm_guest_obj_user_icode_end
 .data          0x00000080042b5d2d    0x284ce vmm/guest/obj/fs/fs
                0x00000080042b5d2d                _binary_vmm_guest_obj_fs_fs_start
                0x00000080042de1fb                _binary_vmm_guest_obj_fs_fs_end
 .data          0x00000080042de1fb    0x15daf vmm/guest/obj/user/testtime
                0x00000080042de1fb                _binary_vmm_guest_obj_user_testtime_start
                0x00000080042f3faa                _binary_vmm_guest_obj_user_testtime_end
 .data          0x00000080042f3faa    0x1a277 vmm/guest/obj/user/httpd
                0x00000080042f3faa                _binary_vmm_guest_obj_user_httpd_start
                0x000000800430e221                _binary_vmm_guest_obj_user_httpd_end
 .data          0x000000800430e221    0x17ab8 vmm/guest/obj/user/echosrv
                0x000000800430e221                _binary_vmm_guest_obj_user_echosrv_start
                0x0000008004325cd9                _binary_vmm_guest_obj_user_echosrv_end
 .data          0x0000008004325cd9    0x169f7 vmm/guest/obj/user/echotest
                0x0000008004325cd9                _binary_vmm_guest_obj_user_echotest_start
                0x000000800433c6d0                _binary_vmm_guest_obj_user_echotest_end
 .data          0x000000800433c6d0    0x19599 vmm/guest/obj/net/testoutput
                0x000000800433c6d0                _binary_vmm_guest_obj_net_testoutput_start
                0x0000008004355c69                _binary_vmm_guest_obj_net_testoutput_end
 .data          0x0000008004355c69    0x1b5e3 vmm/guest/obj/net/testinput
                0x0000008004355c69                _binary_vmm_guest_obj_net_testinput_start
                0x000000800437124c                _binary_vmm_guest_obj_net_testinput_end
 .data          0x000000800437124c    0x64e53 vmm/guest/obj/net/ns
                0x000000800437124c                _binary_vmm_guest_obj_net_ns_start
                0x00000080043d609f                _binary_vmm_guest_obj_net_ns_end
 .data          0x00000080043d609f    0x1af46 vmm/guest/obj/user/testpteshare
                0x00000080043d609f                _binary_vmm_guest_obj_user_testpteshare_start
                0x00000080043f0fe5                _binary_vmm_guest_obj_user_testpteshare_end
 .data          0x00000080043f0fe5    0x1897c vmm/guest/obj/user/testfdsharing
                0x00000080043f0fe5                _binary_vmm_guest_obj_user_testfdsharing_start
                0x0000008004409961                _binary_vmm_guest_obj_user_testfdsharing_end
 .data          0x0000008004409961    0x18e6a vmm/guest/obj/user/testpipe
                0x0000008004409961                _binary_vmm_guest_obj_user_testpipe_start
                0x00000080044227cb                _binary_vmm_guest_obj_user_testpipe_end
 .data          0x00000080044227cb    0x18746 vmm/guest/obj/user/testpiperace
                0x00000080044227cb                _binary_vmm_guest_obj_user_testpiperace_start
                0x000000800443af11                _binary_vmm_guest_obj_user_testpiperace_end
 .data          0x000000800443af11    0x18727 vmm/guest/obj/user/testpiperace2
                0x000000800443af11                _binary_vmm_guest_obj_user_testpiperace2_start
                0x0000008004453638                _binary_vmm_guest_obj_user_testpiperace2_end
 .data          0x0000008004453638    0x181f6 vmm/guest/obj/user/primespipe
                0x0000008004453638                _binary_vmm_guest_obj_user_primespipe_start
                0x000000800446b82e                _binary_vmm_guest_obj_user_primespipe_end
 .data          0x000000800446b82e    0x167db vmm/guest/obj/user/testkbd
                0x000000800446b82e                _binary_vmm_guest_obj_user_testkbd_start
                0x0000008004482009                _binary_vmm_guest_obj_user_testkbd_end
 .data          0x0000008004482009    0x1afcb vmm/guest/obj/user/testshell
                0x0000008004482009                _binary_vmm_guest_obj_user_testshell_start
                0x000000800449cfd4                _binary_vmm_guest_obj_user_testshell_end
                0x000000800449cfd4                PROVIDE (edata, .)

.igot.plt       0x000000800449cfd8        0x0 load address 0x000000000049cfd8
 .igot.plt      0x0000000000000000        0x0 vmm/guest/obj/kern/bootstrap.o

.bss            0x000000800449d000   0x242010 load address 0x000000000049d000
 *(EXCLUDE_FILE(vmm/guest/obj/kern/bootstrap.o) .bss)
 .bss           0x000000800449d000        0x0 vmm/guest/obj/kern/entry.o
 .bss           0x000000800449d000        0x0 vmm/guest/obj/kern/init.o
 .bss           0x000000800449d000      0x22c vmm/guest/obj/kern/console.o
 .bss           0x000000800449d22c        0x0 vmm/guest/obj/kern/monitor.o
 *fill*         0x000000800449d22c        0x4 
 .bss           0x000000800449d230       0x20 vmm/guest/obj/kern/pmap.o
 .bss           0x000000800449d250       0x18 vmm/guest/obj/kern/env.o
                0x000000800449d250                vcpu_count
                0x000000800449d258                envs
 .bss           0x000000800449d268        0x0 vmm/guest/obj/kern/kclock.o
 .bss           0x000000800449d268        0x1 vmm/guest/obj/kern/picirq.o
 .bss           0x000000800449d269        0x0 vmm/guest/obj/kern/printf.o
 *fill*         0x000000800449d269       0x17 
 .bss           0x000000800449d280     0x1018 vmm/guest/obj/kern/trap.o
                0x000000800449d280                idt
                0x000000800449e280                idt_pd
 .bss           0x000000800449e298        0x0 vmm/guest/obj/kern/trapentry.o
 .bss           0x000000800449e298        0x0 vmm/guest/obj/kern/sched.o
 .bss           0x000000800449e298        0x0 vmm/guest/obj/kern/syscall.o
 .bss           0x000000800449e298        0x8 vmm/guest/obj/kern/kdebug.o
 .bss           0x000000800449e2a0        0x0 vmm/guest/obj/kern/printfmt.o
 .bss           0x000000800449e2a0      0x400 vmm/guest/obj/kern/readline.o
 .bss           0x000000800449e6a0        0x0 vmm/guest/obj/kern/string.o
 .bss           0x000000800449e6a0        0x0 vmm/guest/obj/kern/libdwarf_rw.o
 .bss           0x000000800449e6a0       0x68 vmm/guest/obj/kern/libdwarf_frame.o
                0x000000800449e6a0                global_rt_table
                0x000000800449e6e0                global_rt_table_shadow
 .bss           0x000000800449e708        0x0 vmm/guest/obj/kern/libdwarf_lineno.o
 .bss           0x000000800449e708        0x0 vmm/guest/obj/kern/elf_rw.o
 .bss           0x000000800449e708        0x0 vmm/guest/obj/kern/mpentry.o
 .bss           0x000000800449e708        0x0 vmm/guest/obj/kern/mpconfig.o
 .bss           0x000000800449e708        0x0 vmm/guest/obj/kern/lapic.o
 .bss           0x000000800449e708        0x0 vmm/guest/obj/kern/spinlock.o
 *fill*         0x000000800449e708       0x18 
 .bss           0x000000800449e720   0x1fde80 vmm/guest/obj/kern/e1000.o
 .bss           0x000000800469c5a0       0x20 vmm/guest/obj/kern/pci.o
 .bss           0x000000800469c5c0        0x4 vmm/guest/obj/kern/time.o
 *fill*         0x000000800469c5c4        0x4 
 COMMON         0x000000800469c5c8       0x18 vmm/guest/obj/kern/init.o
                0x000000800469c5c8                end_debug
                0x000000800469c5d0                panicstr
                0x000000800469c5d8                mpentry_kstack
 COMMON         0x000000800469c5e0       0x20 vmm/guest/obj/kern/pmap.o
                0x000000800469c5e0                boot_cr3
                0x000000800469c5e8                boot_pml4e
                0x000000800469c5f0                npages
                0x000000800469c5f8                pages
 COMMON         0x000000800469c600       0x68 vmm/guest/obj/kern/trap.o
                0x000000800469c600                ts
 *fill*         0x000000800469c668       0x18 
 COMMON         0x000000800469c680      0x160 vmm/guest/obj/kern/kdebug.o
                0x000000800469c680                mydebug
                0x000000800469c6e0                _cie
                0x000000800469c760                _fde
 COMMON         0x000000800469c7e0      0xc70 vmm/guest/obj/kern/libdwarf_frame.o
                0x000000800469c7e0                global_rules_shadow
                0x000000800469ce20                global_rules
 *fill*         0x000000800469d450       0x10 
 COMMON         0x000000800469d460      0x200 vmm/guest/obj/kern/libdwarf_lineno.o
                0x000000800469d460                global_std_op
 *fill*         0x000000800469d660      0x9a0 
 COMMON         0x000000800469e000    0x41000 vmm/guest/obj/kern/mpconfig.o
                0x000000800469e000                ismp
                0x000000800469e020                cpus
                0x000000800469e240                bootcpu
                0x000000800469e248                ncpu
                0x000000800469f000                percpu_kstacks
 COMMON         0x00000080046df000       0x10 vmm/guest/obj/kern/lapic.o
                0x00000080046df000                lapicaddr
                0x00000080046df008                lapic
                0x00000080046df010                PROVIDE (end, .)

.debug
 *(.debug)

.line
 *(.line)

.debug_srcinfo
 *(.debug_srcinfo)

.debug_sfnames
 *(.debug_sfnames)

.debug_aranges  0x0000000000000000      0x570
 *(.debug_aranges)
 .debug_aranges
                0x0000000000000000       0x30 vmm/guest/obj/kern/bootstrap.o
 .debug_aranges
                0x0000000000000030       0x30 vmm/guest/obj/kern/entry.o
 .debug_aranges
                0x0000000000000060       0x30 vmm/guest/obj/kern/init.o
 .debug_aranges
                0x0000000000000090       0x30 vmm/guest/obj/kern/console.o
 .debug_aranges
                0x00000000000000c0       0x30 vmm/guest/obj/kern/monitor.o
 .debug_aranges
                0x00000000000000f0       0x30 vmm/guest/obj/kern/pmap.o
 .debug_aranges
                0x0000000000000120       0x30 vmm/guest/obj/kern/env.o
 .debug_aranges
                0x0000000000000150       0x30 vmm/guest/obj/kern/kclock.o
 .debug_aranges
                0x0000000000000180       0x30 vmm/guest/obj/kern/picirq.o
 .debug_aranges
                0x00000000000001b0       0x30 vmm/guest/obj/kern/printf.o
 .debug_aranges
                0x00000000000001e0       0x30 vmm/guest/obj/kern/trap.o
 .debug_aranges
                0x0000000000000210       0x30 vmm/guest/obj/kern/trapentry.o
 .debug_aranges
                0x0000000000000240       0x30 vmm/guest/obj/kern/sched.o
 .debug_aranges
                0x0000000000000270       0x30 vmm/guest/obj/kern/syscall.o
 .debug_aranges
                0x00000000000002a0       0x30 vmm/guest/obj/kern/kdebug.o
 .debug_aranges
                0x00000000000002d0       0x30 vmm/guest/obj/kern/printfmt.o
 .debug_aranges
                0x0000000000000300       0x30 vmm/guest/obj/kern/readline.o
 .debug_aranges
                0x0000000000000330       0x30 vmm/guest/obj/kern/string.o
 .debug_aranges
                0x0000000000000360       0x30 vmm/guest/obj/kern/libdwarf_rw.o
 .debug_aranges
                0x0000000000000390       0x30 vmm/guest/obj/kern/libdwarf_frame.o
 .debug_aranges
                0x00000000000003c0       0x30 vmm/guest/obj/kern/libdwarf_lineno.o
 .debug_aranges
                0x00000000000003f0       0x30 vmm/guest/obj/kern/elf_rw.o
 .debug_aranges
                0x0000000000000420       0x30 vmm/guest/obj/kern/mpentry.o
 .debug_aranges
                0x0000000000000450       0x30 vmm/guest/obj/kern/mpconfig.o
 .debug_aranges
                0x0000000000000480       0x30 vmm/guest/obj/kern/lapic.o
 .debug_aranges
                0x00000000000004b0       0x30 vmm/guest/obj/kern/spinlock.o
 .debug_aranges
                0x00000000000004e0       0x30 vmm/guest/obj/kern/e1000.o
 .debug_aranges
                0x0000000000000510       0x30 vmm/guest/obj/kern/pci.o
 .debug_aranges
                0x0000000000000540       0x30 vmm/guest/obj/kern/time.o

.debug_pubnames
 *(.debug_pubnames)

.debug_info     0x0000000000000000    0x119e8
 *(.debug_info .gnu.linkonce.wi.*)
 .debug_info    0x0000000000000000       0x66 vmm/guest/obj/kern/bootstrap.o
 .debug_info    0x0000000000000066       0x62 vmm/guest/obj/kern/entry.o
 .debug_info    0x00000000000000c8      0xccd vmm/guest/obj/kern/init.o
 .debug_info    0x0000000000000d95      0xcbb vmm/guest/obj/kern/console.o
 .debug_info    0x0000000000001a50      0x8de vmm/guest/obj/kern/monitor.o
 .debug_info    0x000000000000232e     0x23db vmm/guest/obj/kern/pmap.o
 .debug_info    0x0000000000004709     0x136f vmm/guest/obj/kern/env.o
 .debug_info    0x0000000000005a78      0x1ee vmm/guest/obj/kern/kclock.o
 .debug_info    0x0000000000005c66      0x483 vmm/guest/obj/kern/picirq.o
 .debug_info    0x00000000000060e9      0x1ec vmm/guest/obj/kern/printf.o
 .debug_info    0x00000000000062d5     0x12b1 vmm/guest/obj/kern/trap.o
 .debug_info    0x0000000000007586       0x66 vmm/guest/obj/kern/trapentry.o
 .debug_info    0x00000000000075ec      0x8cf vmm/guest/obj/kern/sched.o
 .debug_info    0x0000000000007ebb      0xe15 vmm/guest/obj/kern/syscall.o
 .debug_info    0x0000000000008cd0     0x154d vmm/guest/obj/kern/kdebug.o
 .debug_info    0x000000000000a21d      0x5f5 vmm/guest/obj/kern/printfmt.o
 .debug_info    0x000000000000a812      0x169 vmm/guest/obj/kern/readline.o
 .debug_info    0x000000000000a97b      0x6a6 vmm/guest/obj/kern/string.o
 .debug_info    0x000000000000b021     0x1425 vmm/guest/obj/kern/libdwarf_rw.o
 .debug_info    0x000000000000c446     0x1094 vmm/guest/obj/kern/libdwarf_frame.o
 .debug_info    0x000000000000d4da      0xdf0 vmm/guest/obj/kern/libdwarf_lineno.o
 .debug_info    0x000000000000e2ca      0x96b vmm/guest/obj/kern/elf_rw.o
 .debug_info    0x000000000000ec35       0x64 vmm/guest/obj/kern/mpentry.o
 .debug_info    0x000000000000ec99      0xcc8 vmm/guest/obj/kern/mpconfig.o
 .debug_info    0x000000000000f961      0x8ec vmm/guest/obj/kern/lapic.o
 .debug_info    0x000000000001024d      0xa4a vmm/guest/obj/kern/spinlock.o
 .debug_info    0x0000000000010c97      0x598 vmm/guest/obj/kern/e1000.o
 .debug_info    0x000000000001122f      0x70a vmm/guest/obj/kern/pci.o
 .debug_info    0x0000000000011939       0xaf vmm/guest/obj/kern/time.o

.debug_abbrev   0x0000000000000000     0x2f95
 *(.debug_abbrev)
 .debug_abbrev  0x0000000000000000       0x14 vmm/guest/obj/kern/bootstrap.o
 .debug_abbrev  0x0000000000000014       0x14 vmm/guest/obj/kern/entry.o
 .debug_abbrev  0x0000000000000028      0x2bc vmm/guest/obj/kern/init.o
 .debug_abbrev  0x00000000000002e4      0x2c8 vmm/guest/obj/kern/console.o
 .debug_abbrev  0x00000000000005ac      0x1ef vmm/guest/obj/kern/monitor.o
 .debug_abbrev  0x000000000000079b      0x2d8 vmm/guest/obj/kern/pmap.o
 .debug_abbrev  0x0000000000000a73      0x31e vmm/guest/obj/kern/env.o
 .debug_abbrev  0x0000000000000d91      0x102 vmm/guest/obj/kern/kclock.o
 .debug_abbrev  0x0000000000000e93       0xf0 vmm/guest/obj/kern/picirq.o
 .debug_abbrev  0x0000000000000f83       0xef vmm/guest/obj/kern/printf.o
 .debug_abbrev  0x0000000000001072      0x31e vmm/guest/obj/kern/trap.o
 .debug_abbrev  0x0000000000001390       0x14 vmm/guest/obj/kern/trapentry.o
 .debug_abbrev  0x00000000000013a4      0x1d1 vmm/guest/obj/kern/sched.o
 .debug_abbrev  0x0000000000001575      0x236 vmm/guest/obj/kern/syscall.o
 .debug_abbrev  0x00000000000017ab      0x264 vmm/guest/obj/kern/kdebug.o
 .debug_abbrev  0x0000000000001a0f      0x1e6 vmm/guest/obj/kern/printfmt.o
 .debug_abbrev  0x0000000000001bf5       0xab vmm/guest/obj/kern/readline.o
 .debug_abbrev  0x0000000000001ca0      0x115 vmm/guest/obj/kern/string.o
 .debug_abbrev  0x0000000000001db5      0x1f8 vmm/guest/obj/kern/libdwarf_rw.o
 .debug_abbrev  0x0000000000001fad      0x22a vmm/guest/obj/kern/libdwarf_frame.o
 .debug_abbrev  0x00000000000021d7      0x223 vmm/guest/obj/kern/libdwarf_lineno.o
 .debug_abbrev  0x00000000000023fa      0x1e0 vmm/guest/obj/kern/elf_rw.o
 .debug_abbrev  0x00000000000025da       0x14 vmm/guest/obj/kern/mpentry.o
 .debug_abbrev  0x00000000000025ee      0x22e vmm/guest/obj/kern/mpconfig.o
 .debug_abbrev  0x000000000000281c      0x1d5 vmm/guest/obj/kern/lapic.o
 .debug_abbrev  0x00000000000029f1      0x23f vmm/guest/obj/kern/spinlock.o
 .debug_abbrev  0x0000000000002c30      0x129 vmm/guest/obj/kern/e1000.o
 .debug_abbrev  0x0000000000002d59      0x1c4 vmm/guest/obj/kern/pci.o
 .debug_abbrev  0x0000000000002f1d       0x78 vmm/guest/obj/kern/time.o

.debug_line     0x0000000000000000     0x3f80
 *(.debug_line)
 .debug_line    0x0000000000000000       0x9a vmm/guest/obj/kern/bootstrap.o
 .debug_line    0x000000000000009a       0x51 vmm/guest/obj/kern/entry.o
 .debug_line    0x00000000000000eb      0x1cc vmm/guest/obj/kern/init.o
 .debug_line    0x00000000000002b7      0x2b3 vmm/guest/obj/kern/console.o
 .debug_line    0x000000000000056a      0x1b1 vmm/guest/obj/kern/monitor.o
 .debug_line    0x000000000000071b      0xe76 vmm/guest/obj/kern/pmap.o
 .debug_line    0x0000000000001591      0x391 vmm/guest/obj/kern/env.o
 .debug_line    0x0000000000001922       0x89 vmm/guest/obj/kern/kclock.o
 .debug_line    0x00000000000019ab       0xad vmm/guest/obj/kern/picirq.o
 .debug_line    0x0000000000001a58       0x82 vmm/guest/obj/kern/printf.o
 .debug_line    0x0000000000001ada      0x325 vmm/guest/obj/kern/trap.o
 .debug_line    0x0000000000001dff       0x75 vmm/guest/obj/kern/trapentry.o
 .debug_line    0x0000000000001e74      0x171 vmm/guest/obj/kern/sched.o
 .debug_line    0x0000000000001fe5      0x226 vmm/guest/obj/kern/syscall.o
 .debug_line    0x000000000000220b      0x1e3 vmm/guest/obj/kern/kdebug.o
 .debug_line    0x00000000000023ee      0x28e vmm/guest/obj/kern/printfmt.o
 .debug_line    0x000000000000267c       0x94 vmm/guest/obj/kern/readline.o
 .debug_line    0x0000000000002710      0x1eb vmm/guest/obj/kern/string.o
 .debug_line    0x00000000000028fb      0x45a vmm/guest/obj/kern/libdwarf_rw.o
 .debug_line    0x0000000000002d55      0x4f9 vmm/guest/obj/kern/libdwarf_frame.o
 .debug_line    0x000000000000324e      0x206 vmm/guest/obj/kern/libdwarf_lineno.o
 .debug_line    0x0000000000003454      0x231 vmm/guest/obj/kern/elf_rw.o
 .debug_line    0x0000000000003685       0x74 vmm/guest/obj/kern/mpentry.o
 .debug_line    0x00000000000036f9      0x1f9 vmm/guest/obj/kern/mpconfig.o
 .debug_line    0x00000000000038f2      0x16a vmm/guest/obj/kern/lapic.o
 .debug_line    0x0000000000003a5c      0x17a vmm/guest/obj/kern/spinlock.o
 .debug_line    0x0000000000003bd6      0x17e vmm/guest/obj/kern/e1000.o
 .debug_line    0x0000000000003d54      0x1dc vmm/guest/obj/kern/pci.o
 .debug_line    0x0000000000003f30       0x50 vmm/guest/obj/kern/time.o

.debug_frame
 *(.debug_frame)

.debug_str      0x0000000000000000     0x2daa
 *(.debug_str)
 .debug_str     0x0000000000000000      0x687 vmm/guest/obj/kern/init.o
                                        0x729 (size before relaxing)
 .debug_str     0x0000000000000687      0x149 vmm/guest/obj/kern/console.o
                                        0x2be (size before relaxing)
 .debug_str     0x00000000000007d0      0x171 vmm/guest/obj/kern/monitor.o
                                        0x458 (size before relaxing)
 .debug_str     0x0000000000000941      0x55e vmm/guest/obj/kern/pmap.o
                                        0xb49 (size before relaxing)
 .debug_str     0x0000000000000e9f      0x315 vmm/guest/obj/kern/env.o
                                        0xa22 (size before relaxing)
 .debug_str     0x00000000000011b4       0x31 vmm/guest/obj/kern/kclock.o
                                        0x17b (size before relaxing)
 .debug_str     0x00000000000011e5       0x35 vmm/guest/obj/kern/picirq.o
                                        0x1ae (size before relaxing)
 .debug_str     0x000000000000121a       0x17 vmm/guest/obj/kern/printf.o
                                        0x1b0 (size before relaxing)
 .debug_str     0x0000000000001231      0x282 vmm/guest/obj/kern/trap.o
                                        0x928 (size before relaxing)
 .debug_str     0x00000000000014b3       0x29 vmm/guest/obj/kern/sched.o
                                        0x62c (size before relaxing)
 .debug_str     0x00000000000014dc      0x262 vmm/guest/obj/kern/syscall.o
                                        0x906 (size before relaxing)
 .debug_str     0x000000000000173e      0x905 vmm/guest/obj/kern/kdebug.o
                                       0x1011 (size before relaxing)
 .debug_str     0x0000000000002043       0x93 vmm/guest/obj/kern/printfmt.o
                                        0x350 (size before relaxing)
 .debug_str     0x00000000000020d6       0x27 vmm/guest/obj/kern/readline.o
                                        0x1ec (size before relaxing)
 .debug_str     0x00000000000020fd       0x9e vmm/guest/obj/kern/string.o
                                        0x209 (size before relaxing)
 .debug_str     0x000000000000219b      0x262 vmm/guest/obj/kern/libdwarf_rw.o
                                        0xbff (size before relaxing)
 .debug_str     0x00000000000023fd      0x2dd vmm/guest/obj/kern/libdwarf_frame.o
                                        0xb58 (size before relaxing)
 .debug_str     0x00000000000026da      0x1bd vmm/guest/obj/kern/libdwarf_lineno.o
                                        0xba6 (size before relaxing)
 .debug_str     0x0000000000002897      0x144 vmm/guest/obj/kern/elf_rw.o
                                        0x463 (size before relaxing)
 .debug_str     0x00000000000029db       0xbe vmm/guest/obj/kern/mpconfig.o
                                        0x699 (size before relaxing)
 .debug_str     0x0000000000002a99       0x59 vmm/guest/obj/kern/lapic.o
                                        0x5e3 (size before relaxing)
 .debug_str     0x0000000000002af2       0x4d vmm/guest/obj/kern/spinlock.o
                                        0x6ad (size before relaxing)
 .debug_str     0x0000000000002b3f       0xd6 vmm/guest/obj/kern/e1000.o
                                        0x37c (size before relaxing)
 .debug_str     0x0000000000002c15      0x16f vmm/guest/obj/kern/pci.o
                                        0x34e (size before relaxing)
 .debug_str     0x0000000000002d84       0x26 vmm/guest/obj/kern/time.o
                                        0x10a (size before relaxing)

.debug_loc      0x0000000000000000     0x564c
 *(.debug_loc)
 .debug_loc     0x0000000000000000      0x324 vmm/guest/obj/kern/init.o
 .debug_loc     0x0000000000000324      0x6c0 vmm/guest/obj/kern/console.o
 .debug_loc     0x00000000000009e4      0x240 vmm/guest/obj/kern/monitor.o
 .debug_loc     0x0000000000000c24      0xc00 vmm/guest/obj/kern/pmap.o
 .debug_loc     0x0000000000001824      0x638 vmm/guest/obj/kern/env.o
 .debug_loc     0x0000000000001e5c       0xc0 vmm/guest/obj/kern/kclock.o
 .debug_loc     0x0000000000001f1c      0x120 vmm/guest/obj/kern/picirq.o
 .debug_loc     0x000000000000203c      0x120 vmm/guest/obj/kern/printf.o
 .debug_loc     0x000000000000215c      0x398 vmm/guest/obj/kern/trap.o
 .debug_loc     0x00000000000024f4      0x180 vmm/guest/obj/kern/sched.o
 .debug_loc     0x0000000000002674      0x698 vmm/guest/obj/kern/syscall.o
 .debug_loc     0x0000000000002d0c       0xc0 vmm/guest/obj/kern/kdebug.o
 .debug_loc     0x0000000000002dcc      0x300 vmm/guest/obj/kern/printfmt.o
 .debug_loc     0x00000000000030cc       0x60 vmm/guest/obj/kern/readline.o
 .debug_loc     0x000000000000312c      0x660 vmm/guest/obj/kern/string.o
 .debug_loc     0x000000000000378c      0x900 vmm/guest/obj/kern/libdwarf_rw.o
 .debug_loc     0x000000000000408c      0x540 vmm/guest/obj/kern/libdwarf_frame.o
 .debug_loc     0x00000000000045cc      0x180 vmm/guest/obj/kern/libdwarf_lineno.o
 .debug_loc     0x000000000000474c      0x240 vmm/guest/obj/kern/elf_rw.o
 .debug_loc     0x000000000000498c      0x1e0 vmm/guest/obj/kern/mpconfig.o
 .debug_loc     0x0000000000004b6c      0x2a0 vmm/guest/obj/kern/lapic.o
 .debug_loc     0x0000000000004e0c      0x240 vmm/guest/obj/kern/spinlock.o
 .debug_loc     0x000000000000504c      0x120 vmm/guest/obj/kern/e1000.o
 .debug_loc     0x000000000000516c      0x3c0 vmm/guest/obj/kern/pci.o
 .debug_loc     0x000000000000552c      0x120 vmm/guest/obj/kern/time.o

.comment        0x0000000000000000       0x2b
 .comment       0x0000000000000000       0x2b vmm/guest/obj/kern/init.o
                                         0x2c (size before relaxing)
 .comment       0x0000000000000000       0x2c vmm/guest/obj/kern/console.o
 .comment       0x0000000000000000       0x2c vmm/guest/obj/kern/monitor.o
 .comment       0x0000000000000000       0x2c vmm/guest/obj/kern/pmap.o
 .comment       0x0000000000000000       0x2c vmm/guest/obj/kern/env.o
 .comment       0x0000000000000000       0x2c vmm/guest/obj/kern/kclock.o
 .comment       0x0000000000000000       0x2c vmm/guest/obj/kern/picirq.o
 .comment       0x0000000000000000       0x2c vmm/guest/obj/kern/printf.o
 .comment       0x0000000000000000       0x2c vmm/guest/obj/kern/trap.o
 .comment       0x0000000000000000       0x2c vmm/guest/obj/kern/sched.o
 .comment       0x0000000000000000       0x2c vmm/guest/obj/kern/syscall.o
 .comment       0x0000000000000000       0x2c vmm/guest/obj/kern/kdebug.o
 .comment       0x0000000000000000       0x2c vmm/guest/obj/kern/printfmt.o
 .comment       0x0000000000000000       0x2c vmm/guest/obj/kern/readline.o
 .comment       0x0000000000000000       0x2c vmm/guest/obj/kern/string.o
 .comment       0x0000000000000000       0x2c vmm/guest/obj/kern/libdwarf_rw.o
 .comment       0x0000000000000000       0x2c vmm/guest/obj/kern/libdwarf_frame.o
 .comment       0x0000000000000000       0x2c vmm/guest/obj/kern/libdwarf_lineno.o
 .comment       0x0000000000000000       0x2c vmm/guest/obj/kern/elf_rw.o
 .comment       0x0000000000000000       0x2c vmm/guest/obj/kern/mpconfig.o
 .comment       0x0000000000000000       0x2c vmm/guest/obj/kern/lapic.o
 .comment       0x0000000000000000       0x2c vmm/guest/obj/kern/spinlock.o
 .comment       0x0000000000000000       0x2c vmm/guest/obj/kern/e1000.o
 .comment       0x0000000000000000       0x2c vmm/guest/obj/kern/pci.o
 .comment       0x0000000000000000       0x2c vmm/guest/obj/kern/time.o

.debug_macinfo
 *(.debug_macinfo)

.debug_weaknames
 *(.debug_weaknames)

.debug_funcnames
 *(.debug_funcnames)

.debug_typenames
 *(.debug_typenames)

.debug_varnames
 *(.debug_varnames)

/DISCARD/
 *(.eh_frame .note.GNU-stack)
LOAD vmm/guest/obj/kern/entry.o
LOAD vmm/guest/obj/kern/bootstrap.o
LOAD vmm/guest/obj/kern/init.o
LOAD vmm/guest/obj/kern/console.o
LOAD vmm/guest/obj/kern/monitor.o
LOAD vmm/guest/obj/kern/pmap.o
LOAD vmm/guest/obj/kern/env.o
LOAD vmm/guest/obj/kern/kclock.o
LOAD vmm/guest/obj/kern/picirq.o
LOAD vmm/guest/obj/kern/printf.o
LOAD vmm/guest/obj/kern/trap.o
LOAD vmm/guest/obj/kern/trapentry.o
LOAD vmm/guest/obj/kern/sched.o
LOAD vmm/guest/obj/kern/syscall.o
LOAD vmm/guest/obj/kern/kdebug.o
LOAD vmm/guest/obj/kern/printfmt.o
LOAD vmm/guest/obj/kern/readline.o
LOAD vmm/guest/obj/kern/string.o
LOAD vmm/guest/obj/kern/libdwarf_rw.o
LOAD vmm/guest/obj/kern/libdwarf_frame.o
LOAD vmm/guest/obj/kern/libdwarf_lineno.o
LOAD vmm/guest/obj/kern/elf_rw.o
LOAD vmm/guest/obj/kern/mpentry.o
LOAD vmm/guest/obj/kern/mpconfig.o
LOAD vmm/guest/obj/kern/lapic.o
LOAD vmm/guest/obj/kern/spinlock.o
LOAD vmm/guest/obj/kern/e1000.o
LOAD vmm/guest/obj/kern/pci.o
LOAD vmm/guest/obj/kern/time.o
LOAD /usr/lib/gcc/x86_64-linux-gnu/4.8/libgcc.a
TARGET(binary)
LOAD vmm/guest/obj/user/hello
LOAD vmm/guest/obj/user/idle
LOAD vmm/guest/obj/user/testfile
LOAD vmm/guest/obj/user/writemotd
LOAD vmm/guest/obj/user/spawnhello
LOAD vmm/guest/obj/user/icode
LOAD vmm/guest/obj/fs/fs
LOAD vmm/guest/obj/user/testtime
LOAD vmm/guest/obj/user/httpd
LOAD vmm/guest/obj/user/echosrv
LOAD vmm/guest/obj/user/echotest
LOAD vmm/guest/obj/net/testoutput
LOAD vmm/guest/obj/net/testinput
LOAD vmm/guest/obj/net/ns
LOAD vmm/guest/obj/user/testpteshare
LOAD vmm/guest/obj/user/testfdsharing
LOAD vmm/guest/obj/user/testpipe
LOAD vmm/guest/obj/user/testpiperace
LOAD vmm/guest/obj/user/testpiperace2
LOAD vmm/guest/obj/user/primespipe
LOAD vmm/guest/obj/user/testkbd
LOAD vmm/guest/obj/user/testshell
OUTPUT(vmm/guest/obj/kern/kernel elf64-x86-64)
