
Allocating common symbols
Common symbol       size              file

global_rules_shadow
                    0x630             obj/kern/libdwarf_frame.o
ismp                0x4               obj/kern/mpconfig.o
lapicaddr           0x8               obj/kern/lapic.o
ts                  0x68              obj/kern/trap.o
end_debug           0x8               obj/kern/init.o
mydebug             0x60              obj/kern/kdebug.o
panicstr            0x8               obj/kern/init.o
boot_cr3            0x8               obj/kern/pmap.o
mpentry_kstack      0x8               obj/kern/init.o
cpus                0x220             obj/kern/mpconfig.o
global_std_op       0x200             obj/kern/libdwarf_lineno.o
lapic               0x8               obj/kern/lapic.o
bootcpu             0x8               obj/kern/mpconfig.o
_cie                0x78              obj/kern/kdebug.o
global_rules        0x630             obj/kern/libdwarf_frame.o
boot_pml4e          0x8               obj/kern/pmap.o
ncpu                0x4               obj/kern/mpconfig.o
_fde                0x80              obj/kern/kdebug.o
npages              0x8               obj/kern/pmap.o
pages               0x8               obj/kern/pmap.o
percpu_kstacks      0x40000           obj/kern/mpconfig.o

Discarded input sections

 .note.GNU-stack
                0x0000000000000000        0x0 obj/kern/init.o
 .note.GNU-stack
                0x0000000000000000        0x0 obj/kern/console.o
 .note.GNU-stack
                0x0000000000000000        0x0 obj/kern/monitor.o
 .note.GNU-stack
                0x0000000000000000        0x0 obj/kern/pmap.o
 .note.GNU-stack
                0x0000000000000000        0x0 obj/kern/env.o
 .note.GNU-stack
                0x0000000000000000        0x0 obj/kern/kclock.o
 .note.GNU-stack
                0x0000000000000000        0x0 obj/kern/picirq.o
 .note.GNU-stack
                0x0000000000000000        0x0 obj/kern/printf.o
 .note.GNU-stack
                0x0000000000000000        0x0 obj/kern/trap.o
 .note.GNU-stack
                0x0000000000000000        0x0 obj/kern/sched.o
 .note.GNU-stack
                0x0000000000000000        0x0 obj/kern/syscall.o
 .note.GNU-stack
                0x0000000000000000        0x0 obj/kern/kdebug.o
 .note.GNU-stack
                0x0000000000000000        0x0 obj/kern/printfmt.o
 .note.GNU-stack
                0x0000000000000000        0x0 obj/kern/readline.o
 .note.GNU-stack
                0x0000000000000000        0x0 obj/kern/string.o
 .note.GNU-stack
                0x0000000000000000        0x0 obj/kern/libdwarf_rw.o
 .note.GNU-stack
                0x0000000000000000        0x0 obj/kern/libdwarf_frame.o
 .note.GNU-stack
                0x0000000000000000        0x0 obj/kern/libdwarf_lineno.o
 .note.GNU-stack
                0x0000000000000000        0x0 obj/kern/elf_rw.o
 .note.GNU-stack
                0x0000000000000000        0x0 obj/kern/mpconfig.o
 .note.GNU-stack
                0x0000000000000000        0x0 obj/kern/lapic.o
 .note.GNU-stack
                0x0000000000000000        0x0 obj/kern/spinlock.o
 .note.GNU-stack
                0x0000000000000000        0x0 obj/kern/e1000.o
 .note.GNU-stack
                0x0000000000000000        0x0 obj/kern/pci.o
 .note.GNU-stack
                0x0000000000000000        0x0 obj/kern/time.o
 .note.GNU-stack
                0x0000000000000000        0x0 obj/vmm/ept.o
 .note.GNU-stack
                0x0000000000000000        0x0 obj/vmm/vmx.o
 .note.GNU-stack
                0x0000000000000000        0x0 obj/vmm/vmexits.o

Memory Configuration

Name             Origin             Length             Attributes
*default*        0x0000000000000000 0xffffffffffffffff

Linker script and memory map

                0x0000000000100000                . = 0x100000

.bootstrap      0x0000000000100000     0x7004
 obj/kern/bootstrap.o(.text .data .bss)
 .text          0x0000000000100000      0x115 obj/kern/bootstrap.o
                0x0000000000100000                _head64
                0x00000000001000e5                jumpto_longmode
 *fill*         0x0000000000100115      0xeeb 
 .data          0x0000000000101000     0x6004 obj/kern/bootstrap.o
                0x0000000000102000                pml4phys
                0x0000000000107000                multiboot_info
 .bss           0x0000000000107004        0x0 obj/kern/bootstrap.o
                0x0000008004200000                . = 0x8004200000

.text           0x0000008004200000    0x1ebdf load address 0x0000000000200000
 *(EXCLUDE_FILE(obj/kern/bootstrap.o) .text .stub .text.* .gnu.linkonce.t.*)
 .text          0x0000008004200000       0x58 obj/kern/entry.o
                0x000000800420000c                entry
                0x000000000020000c                _start
 .text          0x0000008004200058      0x695 obj/kern/init.o
                0x0000008004200099                i386_init
                0x0000008004200403                mp_main
                0x00000080042004c9                _panic
                0x0000008004200600                _warn
 .text          0x00000080042006ed      0xb58 obj/kern/console.o
                0x000000800420077d                serial_intr
                0x0000008004200fcc                kbd_intr
                0x00000080042010a6                cons_getc
                0x000000800420119a                cons_init
                0x00000080042011f3                cputchar
                0x0000008004201211                getchar
                0x0000008004201233                iscons
 .text          0x0000008004201245      0x8ad obj/kern/monitor.o
                0x0000008004201245                mon_help
                0x00000080042012dc                mon_kerninfo
                0x000000800420146a                mon_backtrace
                0x0000008004201a51                monitor
 .text          0x0000008004201af2     0x61aa obj/kern/pmap.o
                0x0000008004202631                x64_vm_init
                0x0000008004202beb                page_init
                0x0000008004202e9b                page_alloc
                0x0000008004202f4d                page_free
                0x0000008004202fcf                page_decref
                0x0000008004203010                pml4e_walk
                0x0000008004203289                pdpe_walk
                0x0000008004203502                pgdir_walk
                0x0000008004203a0d                page_insert
                0x0000008004203d7d                page_lookup
                0x0000008004203e08                page_remove
                0x0000008004203e7b                tlb_invalidate
                0x0000008004203f4a                mmio_map_region
                0x000000800420403f                user_mem_check
                0x000000800420415f                user_mem_assert
 .text          0x0000008004207c9c     0x1c5f obj/kern/env.o
                0x0000008004207e01                envid2env
                0x0000008004207f61                env_init
                0x000000800420802e                env_init_percpu
                0x0000008004208190                env_guest_alloc
                0x000000800420860a                env_guest_free
                0x0000008004208951                env_alloc
                0x0000008004208bdf                load_icode
                0x0000008004208fb2                env_create
                0x000000800420905a                env_free
                0x0000008004209513                env_destroy
                0x0000008004209602                env_pop_tf
                0x00000080042096de                env_run
 .text          0x00000080042098fb       0x7c obj/kern/kclock.o
                0x00000080042098fb                mc146818_read
                0x0000008004209937                mc146818_write
 .text          0x0000008004209977      0x273 obj/kern/picirq.o
                0x0000008004209977                pic_init
                0x0000008004209ac9                irq_setmask_8259A
                0x0000008004209bba                irq_eoi
 .text          0x0000008004209bea      0x165 obj/kern/printf.o
                0x0000008004209c18                vcprintf
                0x0000008004209c77                cprintf
 .text          0x0000008004209d4f     0x3a67 obj/kern/trap.o
                0x0000008004209def                trap_init
                0x000000800420c4f2                trap_init_percpu
                0x000000800420c96e                print_trapframe
                0x000000800420cc7f                print_regs
                0x000000800420d0e7                trap
                0x000000800420d444                page_fault_handler
 *fill*         0x000000800420d7b6        0xa 
 .text          0x000000800420d7c0      0x1c2 obj/kern/trapentry.o
                0x000000800420d7c0                Xdivide
                0x000000800420d7ca                Xdebug
                0x000000800420d7d4                Xnmi
                0x000000800420d7de                Xbrkpt
                0x000000800420d7e8                Xoflow
                0x000000800420d7f2                Xbound
                0x000000800420d7fc                Xillop
                0x000000800420d806                Xdevice
                0x000000800420d810                Xdblflt
                0x000000800420d818                Xtss
                0x000000800420d820                Xsegnp
                0x000000800420d828                Xstack
                0x000000800420d830                Xgpflt
                0x000000800420d838                Xpgflt
                0x000000800420d840                Xfperr
                0x000000800420d84a                Xalign
                0x000000800420d852                Xmchk
                0x000000800420d85c                Xirq0
                0x000000800420d866                Xirq1
                0x000000800420d870                Xirq2
                0x000000800420d87a                Xirq3
                0x000000800420d884                Xirq4
                0x000000800420d88e                Xirq5
                0x000000800420d898                Xirq6
                0x000000800420d8a2                Xirq7
                0x000000800420d8ac                Xirq8
                0x000000800420d8b6                Xirq9
                0x000000800420d8c0                Xirq10
                0x000000800420d8ca                Xirq11
                0x000000800420d8d4                Xirq12
                0x000000800420d8de                Xirq13
                0x000000800420d8e8                Xirq14
                0x000000800420d8f2                Xirq15
                0x000000800420d8fc                Xsyscall
                0x000000800420d906                Xdefault
                0x000000800420d910                _alltraps
 .text          0x000000800420d982      0x608 obj/kern/sched.o
                0x000000800420da66                sched_yield
                0x000000800420dd89                sched_halt
 .text          0x000000800420df8a     0x1578 obj/kern/syscall.o
                0x000000800420f1ca                syscall
                0x000000800420f4c4                _export_sys_ept_map
 .text          0x000000800420f502      0xc2f obj/kern/kdebug.o
                0x000000800420f502                list_func_die
                0x000000800420fc68                debuginfo_rip
 .text          0x0000008004210131      0xa71 obj/kern/printfmt.o
                0x000000800421040c                vprintfmt
                0x0000008004210924                printfmt
                0x0000008004210a24                vsnprintf
                0x0000008004210ac1                snprintf
 .text          0x0000008004210ba2      0x155 obj/kern/readline.o
                0x0000008004210ba2                readline
 .text          0x0000008004210cf7      0x7c5 obj/kern/string.o
                0x0000008004210cf7                strlen
                0x0000008004210d25                strnlen
                0x0000008004210d63                strcpy
                0x0000008004210da6                strcat
                0x0000008004210df5                strncpy
                0x0000008004210e55                strlcpy
                0x0000008004210ec5                strcmp
                0x0000008004210f18                strncmp
                0x0000008004210f89                strchr
                0x0000008004210fc5                strfind
                0x0000008004210ffc                memset
                0x0000008004211087                memmove
                0x000000800421119e                memcpy
                0x00000080042111d2                memcmp
                0x0000008004211246                memfind
                0x000000800421128f                strtol
                0x0000008004211421                strstr
 .text          0x00000080042114bc     0x1f4d obj/kern/libdwarf_rw.o
                0x00000080042114bc                _dwarf_read_lsb
                0x00000080042115e8                _dwarf_decode_lsb
                0x0000008004211709                _dwarf_read_msb
                0x00000080042118bb                _dwarf_decode_msb
                0x0000008004211a6a                _dwarf_read_sleb128
                0x0000008004211b0e                _dwarf_read_uleb128
                0x0000008004211b8d                _dwarf_decode_sleb128
                0x0000008004211c1f                _dwarf_decode_uleb128
                0x0000008004211c8c                _dwarf_read_string
                0x0000008004211d1b                _dwarf_read_block
                0x0000008004211d64                _dwarf_elf_get_byte_order
                0x0000008004211dd2                _dwarf_elf_get_pointer_size
                0x0000008004211e3c                _dwarf_init
                0x0000008004211f1e                _get_next_cu
                0x00000080042120b9                print_cu
                0x00000080042120f0                _dwarf_abbrev_parse
                0x0000008004212373                _dwarf_abbrev_find
                0x00000080042124a4                _dwarf_attr_init
                0x0000008004212b35                dwarf_search_die_within_cu
                0x0000008004212e2e                dwarf_offdie
                0x0000008004212f31                _dwarf_attr_find
                0x0000008004212fc4                dwarf_siblingof
                0x0000008004213208                dwarf_child
                0x00000080042133ac                _dwarf_find_section_enhanced
 .text          0x0000008004213409     0x257f obj/kern/libdwarf_frame.o
                0x0000008004213409                _dwarf_frame_params_init
                0x0000008004213449                dwarf_get_fde_at_pc
                0x000000800421351b                _dwarf_frame_regtable_copy
                0x00000080042144c8                _dwarf_frame_get_internal_table
                0x0000008004214755                dwarf_get_fde_info_for_all_regs
                0x00000080042155f7                _dwarf_frame_interal_table_init
                0x00000080042158b0                dwarf_set_frame_cfa_value
                0x00000080042158e0                dwarf_init_eh_section
 .text          0x0000008004215988      0xd4b obj/kern/libdwarf_lineno.o
                0x0000008004215fe4                _dwarf_lineno_init
                0x0000008004216558                dwarf_srclines
 .text          0x00000080042166d3      0xd12 obj/kern/elf_rw.o
                0x00000080042166d3                _dwarf_find_section
                0x0000008004216753                find_debug_sections
                0x0000008004216a1c                read_section_headers
                0x000000800421715b                readseg
                0x00000080042172bf                waitdisk
                0x00000080042172eb                readsect
 *fill*         0x00000080042173e5        0x3 
 .text          0x00000080042173e8       0xe7 obj/kern/mpentry.o
                0x00000080042173e8                mpentry_start
                0x00000080042174ce                mpentry_end
 .text          0x00000080042174cf      0x8f2 obj/kern/mpconfig.o
                0x00000080042179a5                mp_init
 .text          0x0000008004217dc1      0x473 obj/kern/lapic.o
                0x0000008004217e03                lapic_init
                0x0000008004217ffa                cpunum
                0x000000800421802f                lapic_eoi
                0x000000800421806a                lapic_startap
                0x00000080042181ed                lapic_ipi
 .text          0x0000008004218234      0x472 obj/kern/spinlock.o
                0x0000008004218351                __spin_initlock
                0x0000008004218385                spin_lock
                0x000000800421845c                spin_unlock
 .text          0x00000080042186a6      0x680 obj/kern/e1000.o
                0x00000080042186a6                e1000_attach
                0x0000008004218a31                e1000_transmit
                0x0000008004218ba0                e1000_receive
 .text          0x0000008004218d26      0xafa obj/kern/pci.o
                0x0000008004219563                pci_func_enable
                0x00000080042197e4                pci_init
 .text          0x0000008004219820       0xa3 obj/kern/time.o
                0x0000008004219820                time_init
                0x0000008004219836                time_tick
                0x00000080042198a8                time_msec
 .text          0x00000080042198c3     0x16de obj/vmm/ept.o
                0x0000008004219c49                alloc_intermediate_ept_page
                0x0000008004219cf2                ept_gpa2hva
                0x0000008004219faa                free_guest_mem
                0x0000008004219fde                ept_page_insert
                0x000000800421a0be                ept_map_hva2gpa
                0x000000800421a1dc                ept_alloc_static
                0x000000800421a300                test_ept_map
 .text          0x000000800421afa1     0x2c4d obj/vmm/vmx.o
                0x000000800421b16a                vmx_list_vms
                0x000000800421b22a                vmx_sel_resume
                0x000000800421b300                vmx_check_support
                0x000000800421b381                vmx_check_ept
                0x000000800421b44e                check_fixed_bits
                0x000000800421b517                vmx_init_vmcs
                0x000000800421b61d                vmx_init_vmxon
                0x000000800421bace                vmcs_host_init
                0x000000800421be9c                vmcs_guest_init
                0x000000800421c6da                vmx_read_capability_msr
                0x000000800421cda9                vmcs_dump_cpu
                0x000000800421ceea                vmexit
                0x000000800421d4af                asm_vmrun
                0x000000800421d6d8                msr_setup
                0x000000800421d7eb                bitmap_setup
                0x000000800421d92d                vmx_vmrun
 .text          0x000000800421dbee      0xff1 obj/vmm/vmexits.o
                0x000000800421dd7d                vmx_get_vmdisk_number
                0x000000800421dd8f                vmx_incr_vmdisk_number
                0x000000800421ddb0                find_msr_in_region
                0x000000800421de07                handle_interrupt_window
                0x000000800421de88                handle_interrupts
                0x000000800421df35                handle_rdmsr
                0x000000800421e03d                handle_wrmsr
                0x000000800421e1a9                handle_eptviolation
                0x000000800421e39b                handle_ioinstr
                0x000000800421e57a                handle_cpuid
                0x000000800421e63d                handle_vmcall
                0x000000800421ebdf                PROVIDE (etext, .)

.iplt           0x000000800421ebe0        0x0 load address 0x000000000021ebe0
 .iplt          0x0000000000000000        0x0 obj/kern/bootstrap.o

.rodata         0x000000800421ebe0     0x3ea8 load address 0x000000000021ebe0
 *(EXCLUDE_FILE(obj/kern/bootstrap.o) .rodata .rodata.* .gnu.linkonce.r.*)
 .rodata        0x000000800421ebe0       0xd6 obj/kern/init.o
 .rodata        0x000000800421ecb6       0x29 obj/kern/console.o
 *fill*         0x000000800421ecdf        0x1 
 .rodata        0x000000800421ece0      0x2e1 obj/kern/monitor.o
 *fill*         0x000000800421efc1        0x7 
 .rodata        0x000000800421efc8      0xf2c obj/kern/pmap.o
 *fill*         0x000000800421fef4        0x4 
 .rodata        0x000000800421fef8      0x1dd obj/kern/env.o
 .rodata        0x00000080042200d5       0x1a obj/kern/picirq.o
 *fill*         0x00000080042200ef       0x11 
 .rodata        0x0000008004220100      0x4a0 obj/kern/trap.o
 .rodata        0x00000080042205a0       0x8c obj/kern/sched.o
 *fill*         0x000000800422062c        0x4 
 .rodata        0x0000008004220630      0x248 obj/kern/syscall.o
 *fill*         0x0000008004220878        0x8 
 .rodata        0x0000008004220880      0x37b obj/kern/kdebug.o
 *fill*         0x0000008004220bfb        0x5 
 .rodata        0x0000008004220c00      0x4c8 obj/kern/printfmt.o
 .rodata        0x00000080042210c8       0x13 obj/kern/readline.o
 *fill*         0x00000080042210db        0x5 
 .rodata        0x00000080042210e0      0x1ab obj/kern/libdwarf_rw.o
 *fill*         0x000000800422128b        0x5 
 .rodata        0x0000008004221290      0x1d8 obj/kern/libdwarf_frame.o
 .rodata        0x0000008004221468       0xc3 obj/kern/libdwarf_lineno.o
 .rodata        0x000000800422152b       0xa7 obj/kern/elf_rw.o
 *fill*         0x00000080042215d2        0x6 
 .rodata        0x00000080042215d8      0x291 obj/kern/mpconfig.o
 *fill*         0x0000008004221869        0x7 
 .rodata        0x0000008004221870       0x33 obj/kern/lapic.o
 *fill*         0x00000080042218a3        0x5 
 .rodata        0x00000080042218a8       0xf1 obj/kern/spinlock.o
 *fill*         0x0000008004221999        0x7 
 .rodata        0x00000080042219a0       0x87 obj/kern/e1000.o
 *fill*         0x0000008004221a27        0x1 
 .rodata        0x0000008004221a28      0x287 obj/kern/pci.o
 .rodata        0x0000008004221caf       0x2a obj/kern/time.o
 *fill*         0x0000008004221cd9        0x7 
 .rodata        0x0000008004221ce0      0x7dd obj/vmm/ept.o
 *fill*         0x00000080042224bd        0x3 
 .rodata        0x00000080042224c0      0x44f obj/vmm/vmx.o
 *fill*         0x000000800422290f        0x1 
 .rodata        0x0000008004222910      0x178 obj/vmm/vmexits.o

.eh_frame       0x0000008004222a88     0x2750 load address 0x0000000000222a88
 .eh_frame      0x0000008004222a88       0xf8 obj/kern/init.o
                                         0xf0 (size before relaxing)
 .eh_frame      0x0000008004222b80      0x240 obj/kern/console.o
                                        0x258 (size before relaxing)
 .eh_frame      0x0000008004222dc0       0xc0 obj/kern/monitor.o
                                         0xd8 (size before relaxing)
 .eh_frame      0x0000008004222e80      0x438 obj/kern/pmap.o
                                        0x448 (size before relaxing)
 .eh_frame      0x00000080042232b8      0x280 obj/kern/env.o
                                        0x290 (size before relaxing)
 .eh_frame      0x0000008004223538       0x40 obj/kern/kclock.o
                                         0x58 (size before relaxing)
 .eh_frame      0x0000008004223578       0x60 obj/kern/picirq.o
                                         0x78 (size before relaxing)
 .eh_frame      0x00000080042235d8       0x60 obj/kern/printf.o
                                         0x78 (size before relaxing)
 .eh_frame      0x0000008004223638      0x148 obj/kern/trap.o
                                        0x158 (size before relaxing)
 .eh_frame      0x0000008004223780       0xa8 obj/kern/sched.o
                                         0xc0 (size before relaxing)
 .eh_frame      0x0000008004223828      0x3b0 obj/kern/syscall.o
                                        0x3c0 (size before relaxing)
 .eh_frame      0x0000008004223bd8       0x48 obj/kern/kdebug.o
                                         0x60 (size before relaxing)
 .eh_frame      0x0000008004223c20      0x118 obj/kern/printfmt.o
                                        0x128 (size before relaxing)
 .eh_frame      0x0000008004223d38       0x20 obj/kern/readline.o
                                         0x38 (size before relaxing)
 .eh_frame      0x0000008004223d58      0x220 obj/kern/string.o
                                        0x238 (size before relaxing)
 .eh_frame      0x0000008004223f78      0x308 obj/kern/libdwarf_rw.o
                                        0x320 (size before relaxing)
 .eh_frame      0x0000008004224280      0x1d0 obj/kern/libdwarf_frame.o
                                        0x1e8 (size before relaxing)
 .eh_frame      0x0000008004224450       0x98 obj/kern/libdwarf_lineno.o
                                         0xb0 (size before relaxing)
 .eh_frame      0x00000080042244e8       0xc0 obj/kern/elf_rw.o
                                         0xd8 (size before relaxing)
 .eh_frame      0x00000080042245a8       0xa8 obj/kern/mpconfig.o
                                         0xc0 (size before relaxing)
 .eh_frame      0x0000008004224650       0xe0 obj/kern/lapic.o
                                         0xf8 (size before relaxing)
 .eh_frame      0x0000008004224730       0xe0 obj/kern/spinlock.o
                                         0xf0 (size before relaxing)
 .eh_frame      0x0000008004224810       0x60 obj/kern/e1000.o
                                         0x78 (size before relaxing)
 .eh_frame      0x0000008004224870      0x140 obj/kern/pci.o
                                        0x158 (size before relaxing)
 .eh_frame      0x00000080042249b0       0x60 obj/kern/time.o
                                         0x78 (size before relaxing)
 .eh_frame      0x0000008004224a10      0x220 obj/vmm/ept.o
                                        0x230 (size before relaxing)
 .eh_frame      0x0000008004224c30      0x350 obj/vmm/vmx.o
                                        0x368 (size before relaxing)
 .eh_frame      0x0000008004224f80      0x258 obj/vmm/vmexits.o
                                        0x268 (size before relaxing)

.rela.dyn       0x00000080042251d8        0x0 load address 0x00000000002251d8
 .rela.iplt     0x0000000000000000        0x0 obj/kern/bootstrap.o
 .rela.text     0x0000000000000000        0x0 obj/kern/bootstrap.o
 .rela.data     0x0000000000000000        0x0 obj/kern/bootstrap.o
                0x0000008004226000                . = ALIGN (0x1000)

.data           0x0000008004226000   0x2b879f load address 0x0000000000226000
 *(EXCLUDE_FILE(obj/kern/bootstrap.o) .data)
 .data          0x0000008004226000    0x10042 obj/kern/entry.o
                0x0000008004226000                bootstack
                0x0000008004236000                kernel_64
                0x0000008004236000                bootstacktop
                0x0000008004236038                gdtdesc_64
 .data          0x0000008004236042        0x0 obj/kern/init.o
 *fill*         0x0000008004236042       0x1e 
 .data          0x0000008004236060      0x520 obj/kern/console.o
 .data          0x0000008004236580       0x60 obj/kern/monitor.o
 .data          0x00000080042365e0        0x8 obj/kern/pmap.o
 *fill*         0x00000080042365e8       0x18 
 .data          0x0000008004236600       0x72 obj/kern/env.o
                0x0000008004236600                gdt
                0x0000008004236668                gdt_pd
 .data          0x0000008004236672        0x0 obj/kern/kclock.o
 .data          0x0000008004236672        0x2 obj/kern/picirq.o
                0x0000008004236672                irq_mask_8259A
 .data          0x0000008004236674        0x0 obj/kern/printf.o
 .data          0x0000008004236674        0x0 obj/kern/trap.o
 .data          0x0000008004236674        0x0 obj/kern/trapentry.o
 .data          0x0000008004236674        0x0 obj/kern/sched.o
 .data          0x0000008004236674        0x0 obj/kern/syscall.o
 *fill*         0x0000008004236674        0x4 
 .data          0x0000008004236678       0x18 obj/kern/kdebug.o
                0x0000008004236678                fde
                0x0000008004236680                cie
                0x0000008004236688                dbg
 .data          0x0000008004236690        0x0 obj/kern/printfmt.o
 .data          0x0000008004236690        0x0 obj/kern/readline.o
 .data          0x0000008004236690        0x0 obj/kern/string.o
 .data          0x0000008004236690        0x0 obj/kern/libdwarf_rw.o
 *fill*         0x0000008004236690       0x10 
 .data          0x00000080042366a0       0x20 obj/kern/libdwarf_frame.o
                0x00000080042366a0                debug_frame_sec
 .data          0x00000080042366c0        0x0 obj/kern/libdwarf_lineno.o
 .data          0x00000080042366c0       0xa0 obj/kern/elf_rw.o
                0x00000080042366c0                section_info
 .data          0x0000008004236760        0x0 obj/kern/mpentry.o
 .data          0x0000008004236760        0x0 obj/kern/mpconfig.o
 .data          0x0000008004236760        0x0 obj/kern/lapic.o
 .data          0x0000008004236760       0x68 obj/kern/spinlock.o
                0x0000008004236760                kernel_lock
 .data          0x00000080042367c8        0x0 obj/kern/e1000.o
 *fill*         0x00000080042367c8       0x18 
 .data          0x00000080042367e0       0x98 obj/kern/pci.o
                0x0000008004236800                pci_attach_class
                0x0000008004236820                pci_attach_vendor
 .data          0x0000008004236878        0x0 obj/kern/time.o
 .data          0x0000008004236878        0x0 obj/vmm/ept.o
 .data          0x0000008004236878        0x0 obj/vmm/vmx.o
 .data          0x0000008004236878        0x0 obj/vmm/vmexits.o
 .data          0x0000008004236878    0x16241 obj/user/hello
                0x0000008004236878                _binary_obj_user_hello_start
                0x000000800424cab9                _binary_obj_user_hello_end
 .data          0x000000800424cab9    0x15d18 obj/user/idle
                0x000000800424cab9                _binary_obj_user_idle_start
                0x00000080042627d1                _binary_obj_user_idle_end
 .data          0x00000080042627d1    0x17666 obj/user/testfile
                0x00000080042627d1                _binary_obj_user_testfile_start
                0x0000008004279e37                _binary_obj_user_testfile_end
 .data          0x0000008004279e37    0x15da5 obj/user/writemotd
                0x0000008004279e37                _binary_obj_user_writemotd_start
                0x000000800428fbdc                _binary_obj_user_writemotd_end
 .data          0x000000800428fbdc    0x187fc obj/user/spawnhello
                0x000000800428fbdc                _binary_obj_user_spawnhello_start
                0x00000080042a83d8                _binary_obj_user_spawnhello_end
 .data          0x00000080042a83d8    0x1834f obj/user/icode
                0x00000080042a83d8                _binary_obj_user_icode_start
                0x00000080042c0727                _binary_obj_user_icode_end
 .data          0x00000080042c0727    0x27a11 obj/fs/fs
                0x00000080042c0727                _binary_obj_fs_fs_start
                0x00000080042e8138                _binary_obj_fs_fs_end
 .data          0x00000080042e8138    0x15f52 obj/user/testtime
                0x00000080042e8138                _binary_obj_user_testtime_start
                0x00000080042fe08a                _binary_obj_user_testtime_end
 .data          0x00000080042fe08a    0x1a422 obj/user/httpd
                0x00000080042fe08a                _binary_obj_user_httpd_start
                0x00000080043184ac                _binary_obj_user_httpd_end
 .data          0x00000080043184ac    0x17c63 obj/user/echosrv
                0x00000080043184ac                _binary_obj_user_echosrv_start
                0x000000800433010f                _binary_obj_user_echosrv_end
 .data          0x000000800433010f    0x17b9a obj/user/echotest
                0x000000800433010f                _binary_obj_user_echotest_start
                0x0000008004347ca9                _binary_obj_user_echotest_end
 .data          0x0000008004347ca9    0x19754 obj/net/testoutput
                0x0000008004347ca9                _binary_obj_net_testoutput_start
                0x00000080043613fd                _binary_obj_net_testoutput_end
 .data          0x00000080043613fd    0x1b79e obj/net/testinput
                0x00000080043613fd                _binary_obj_net_testinput_start
                0x000000800437cb9b                _binary_obj_net_testinput_end
 .data          0x000000800437cb9b    0x6500e obj/net/ns
                0x000000800437cb9b                _binary_obj_net_ns_start
                0x00000080043e1ba9                _binary_obj_net_ns_end
 .data          0x00000080043e1ba9    0x1b121 obj/user/testpteshare
                0x00000080043e1ba9                _binary_obj_user_testpteshare_start
                0x00000080043fccca                _binary_obj_user_testpteshare_end
 .data          0x00000080043fccca    0x18b37 obj/user/testfdsharing
                0x00000080043fccca                _binary_obj_user_testfdsharing_start
                0x0000008004415801                _binary_obj_user_testfdsharing_end
 .data          0x0000008004415801    0x1901d obj/user/testpipe
                0x0000008004415801                _binary_obj_user_testpipe_start
                0x000000800442e81e                _binary_obj_user_testpipe_end
 .data          0x000000800442e81e    0x18901 obj/user/testpiperace
                0x000000800442e81e                _binary_obj_user_testpiperace_start
                0x000000800444711f                _binary_obj_user_testpiperace_end
 .data          0x000000800444711f    0x188e2 obj/user/testpiperace2
                0x000000800444711f                _binary_obj_user_testpiperace2_start
                0x000000800445fa01                _binary_obj_user_testpiperace2_end
 .data          0x000000800445fa01    0x183b1 obj/user/primespipe
                0x000000800445fa01                _binary_obj_user_primespipe_start
                0x0000008004477db2                _binary_obj_user_primespipe_end
 .data          0x0000008004477db2    0x1697e obj/user/testkbd
                0x0000008004477db2                _binary_obj_user_testkbd_start
                0x000000800448e730                _binary_obj_user_testkbd_end
 .data          0x000000800448e730    0x1b19e obj/user/testshell
                0x000000800448e730                _binary_obj_user_testshell_start
                0x00000080044a98ce                _binary_obj_user_testshell_end
 .data          0x00000080044a98ce    0x16d4c obj/user/vmm
                0x00000080044a98ce                _binary_obj_user_vmm_start
                0x00000080044c061a                _binary_obj_user_vmm_end
 .data          0x00000080044c061a    0x1e185 obj/user/sh
                0x00000080044c061a                _binary_obj_user_sh_start
                0x00000080044de79f                _binary_obj_user_sh_end
                0x00000080044de79f                PROVIDE (edata, .)

.igot.plt       0x00000080044de7a0        0x0 load address 0x00000000004de7a0
 .igot.plt      0x0000000000000000        0x0 obj/kern/bootstrap.o

.bss            0x00000080044df000   0x242010 load address 0x00000000004df000
 *(EXCLUDE_FILE(obj/kern/bootstrap.o) .bss)
 .bss           0x00000080044df000        0x0 obj/kern/entry.o
 .bss           0x00000080044df000        0x0 obj/kern/init.o
 .bss           0x00000080044df000      0x22c obj/kern/console.o
 .bss           0x00000080044df22c        0x0 obj/kern/monitor.o
 *fill*         0x00000080044df22c        0x4 
 .bss           0x00000080044df230       0x20 obj/kern/pmap.o
 .bss           0x00000080044df250       0x18 obj/kern/env.o
                0x00000080044df250                vcpu_count
                0x00000080044df258                envs
 .bss           0x00000080044df268        0x0 obj/kern/kclock.o
 .bss           0x00000080044df268        0x1 obj/kern/picirq.o
 .bss           0x00000080044df269        0x0 obj/kern/printf.o
 *fill*         0x00000080044df269       0x17 
 .bss           0x00000080044df280     0x1018 obj/kern/trap.o
                0x00000080044df280                idt
                0x00000080044e0280                idt_pd
 .bss           0x00000080044e0298        0x0 obj/kern/trapentry.o
 .bss           0x00000080044e0298        0x0 obj/kern/sched.o
 .bss           0x00000080044e0298        0x0 obj/kern/syscall.o
 .bss           0x00000080044e0298        0x8 obj/kern/kdebug.o
 .bss           0x00000080044e02a0        0x0 obj/kern/printfmt.o
 .bss           0x00000080044e02a0      0x400 obj/kern/readline.o
 .bss           0x00000080044e06a0        0x0 obj/kern/string.o
 .bss           0x00000080044e06a0        0x0 obj/kern/libdwarf_rw.o
 .bss           0x00000080044e06a0       0x68 obj/kern/libdwarf_frame.o
                0x00000080044e06a0                global_rt_table
                0x00000080044e06e0                global_rt_table_shadow
 .bss           0x00000080044e0708        0x0 obj/kern/libdwarf_lineno.o
 .bss           0x00000080044e0708        0x0 obj/kern/elf_rw.o
 .bss           0x00000080044e0708        0x0 obj/kern/mpentry.o
 .bss           0x00000080044e0708        0x0 obj/kern/mpconfig.o
 .bss           0x00000080044e0708        0x0 obj/kern/lapic.o
 .bss           0x00000080044e0708        0x0 obj/kern/spinlock.o
 *fill*         0x00000080044e0708       0x18 
 .bss           0x00000080044e0720   0x1fde80 obj/kern/e1000.o
 .bss           0x00000080046de5a0       0x20 obj/kern/pci.o
 .bss           0x00000080046de5c0        0x4 obj/kern/time.o
 .bss           0x00000080046de5c4        0x0 obj/vmm/ept.o
 .bss           0x00000080046de5c4        0x4 obj/vmm/vmx.o
 .bss           0x00000080046de5c8        0xc obj/vmm/vmexits.o
 *fill*         0x00000080046de5d4        0x4 
 COMMON         0x00000080046de5d8       0x18 obj/kern/init.o
                0x00000080046de5d8                end_debug
                0x00000080046de5e0                panicstr
                0x00000080046de5e8                mpentry_kstack
 COMMON         0x00000080046de5f0       0x20 obj/kern/pmap.o
                0x00000080046de5f0                boot_cr3
                0x00000080046de5f8                boot_pml4e
                0x00000080046de600                npages
                0x00000080046de608                pages
 *fill*         0x00000080046de610       0x10 
 COMMON         0x00000080046de620       0x68 obj/kern/trap.o
                0x00000080046de620                ts
 *fill*         0x00000080046de688       0x18 
 COMMON         0x00000080046de6a0      0x160 obj/kern/kdebug.o
                0x00000080046de6a0                mydebug
                0x00000080046de700                _cie
                0x00000080046de780                _fde
 COMMON         0x00000080046de800      0xc70 obj/kern/libdwarf_frame.o
                0x00000080046de800                global_rules_shadow
                0x00000080046dee40                global_rules
 *fill*         0x00000080046df470       0x10 
 COMMON         0x00000080046df480      0x200 obj/kern/libdwarf_lineno.o
                0x00000080046df480                global_std_op
 *fill*         0x00000080046df680      0x980 
 COMMON         0x00000080046e0000    0x41000 obj/kern/mpconfig.o
                0x00000080046e0000                ismp
                0x00000080046e0020                cpus
                0x00000080046e0240                bootcpu
                0x00000080046e0248                ncpu
                0x00000080046e1000                percpu_kstacks
 COMMON         0x0000008004721000       0x10 obj/kern/lapic.o
                0x0000008004721000                lapicaddr
                0x0000008004721008                lapic
                0x0000008004721010                PROVIDE (end, .)

.debug
 *(.debug)

.line
 *(.line)

.debug_srcinfo
 *(.debug_srcinfo)

.debug_sfnames
 *(.debug_sfnames)

.debug_aranges  0x0000000000000000      0x600
 *(.debug_aranges)
 .debug_aranges
                0x0000000000000000       0x30 obj/kern/bootstrap.o
 .debug_aranges
                0x0000000000000030       0x30 obj/kern/entry.o
 .debug_aranges
                0x0000000000000060       0x30 obj/kern/init.o
 .debug_aranges
                0x0000000000000090       0x30 obj/kern/console.o
 .debug_aranges
                0x00000000000000c0       0x30 obj/kern/monitor.o
 .debug_aranges
                0x00000000000000f0       0x30 obj/kern/pmap.o
 .debug_aranges
                0x0000000000000120       0x30 obj/kern/env.o
 .debug_aranges
                0x0000000000000150       0x30 obj/kern/kclock.o
 .debug_aranges
                0x0000000000000180       0x30 obj/kern/picirq.o
 .debug_aranges
                0x00000000000001b0       0x30 obj/kern/printf.o
 .debug_aranges
                0x00000000000001e0       0x30 obj/kern/trap.o
 .debug_aranges
                0x0000000000000210       0x30 obj/kern/trapentry.o
 .debug_aranges
                0x0000000000000240       0x30 obj/kern/sched.o
 .debug_aranges
                0x0000000000000270       0x30 obj/kern/syscall.o
 .debug_aranges
                0x00000000000002a0       0x30 obj/kern/kdebug.o
 .debug_aranges
                0x00000000000002d0       0x30 obj/kern/printfmt.o
 .debug_aranges
                0x0000000000000300       0x30 obj/kern/readline.o
 .debug_aranges
                0x0000000000000330       0x30 obj/kern/string.o
 .debug_aranges
                0x0000000000000360       0x30 obj/kern/libdwarf_rw.o
 .debug_aranges
                0x0000000000000390       0x30 obj/kern/libdwarf_frame.o
 .debug_aranges
                0x00000000000003c0       0x30 obj/kern/libdwarf_lineno.o
 .debug_aranges
                0x00000000000003f0       0x30 obj/kern/elf_rw.o
 .debug_aranges
                0x0000000000000420       0x30 obj/kern/mpentry.o
 .debug_aranges
                0x0000000000000450       0x30 obj/kern/mpconfig.o
 .debug_aranges
                0x0000000000000480       0x30 obj/kern/lapic.o
 .debug_aranges
                0x00000000000004b0       0x30 obj/kern/spinlock.o
 .debug_aranges
                0x00000000000004e0       0x30 obj/kern/e1000.o
 .debug_aranges
                0x0000000000000510       0x30 obj/kern/pci.o
 .debug_aranges
                0x0000000000000540       0x30 obj/kern/time.o
 .debug_aranges
                0x0000000000000570       0x30 obj/vmm/ept.o
 .debug_aranges
                0x00000000000005a0       0x30 obj/vmm/vmx.o
 .debug_aranges
                0x00000000000005d0       0x30 obj/vmm/vmexits.o

.debug_pubnames
 *(.debug_pubnames)

.debug_info     0x0000000000000000    0x16ce7
 *(.debug_info .gnu.linkonce.wi.*)
 .debug_info    0x0000000000000000       0x64 obj/kern/bootstrap.o
 .debug_info    0x0000000000000064       0x60 obj/kern/entry.o
 .debug_info    0x00000000000000c4      0xb62 obj/kern/init.o
 .debug_info    0x0000000000000c26      0xcb8 obj/kern/console.o
 .debug_info    0x00000000000018de      0x8de obj/kern/monitor.o
 .debug_info    0x00000000000021bc     0x23db obj/kern/pmap.o
 .debug_info    0x0000000000004597     0x14d0 obj/kern/env.o
 .debug_info    0x0000000000005a67      0x1ee obj/kern/kclock.o
 .debug_info    0x0000000000005c55      0x483 obj/kern/picirq.o
 .debug_info    0x00000000000060d8      0x1ec obj/kern/printf.o
 .debug_info    0x00000000000062c4     0x12ae obj/kern/trap.o
 .debug_info    0x0000000000007572       0x64 obj/kern/trapentry.o
 .debug_info    0x00000000000075d6      0x903 obj/kern/sched.o
 .debug_info    0x0000000000007ed9     0x11bd obj/kern/syscall.o
 .debug_info    0x0000000000009096     0x154d obj/kern/kdebug.o
 .debug_info    0x000000000000a5e3      0x5f5 obj/kern/printfmt.o
 .debug_info    0x000000000000abd8      0x169 obj/kern/readline.o
 .debug_info    0x000000000000ad41      0x6a6 obj/kern/string.o
 .debug_info    0x000000000000b3e7     0x1425 obj/kern/libdwarf_rw.o
 .debug_info    0x000000000000c80c     0x1094 obj/kern/libdwarf_frame.o
 .debug_info    0x000000000000d8a0      0xdf0 obj/kern/libdwarf_lineno.o
 .debug_info    0x000000000000e690      0x96b obj/kern/elf_rw.o
 .debug_info    0x000000000000effb       0x62 obj/kern/mpentry.o
 .debug_info    0x000000000000f05d      0xcc8 obj/kern/mpconfig.o
 .debug_info    0x000000000000fd25      0x8ec obj/kern/lapic.o
 .debug_info    0x0000000000010611      0xa4a obj/kern/spinlock.o
 .debug_info    0x000000000001105b      0x598 obj/kern/e1000.o
 .debug_info    0x00000000000115f3      0x70a obj/kern/pci.o
 .debug_info    0x0000000000011cfd       0xaf obj/kern/time.o
 .debug_info    0x0000000000011dac      0xef1 obj/vmm/ept.o
 .debug_info    0x0000000000012c9d     0x2b3f obj/vmm/vmx.o
 .debug_info    0x00000000000157dc     0x150b obj/vmm/vmexits.o

.debug_abbrev   0x0000000000000000     0x3885
 *(.debug_abbrev)
 .debug_abbrev  0x0000000000000000       0x14 obj/kern/bootstrap.o
 .debug_abbrev  0x0000000000000014       0x14 obj/kern/entry.o
 .debug_abbrev  0x0000000000000028      0x26a obj/kern/init.o
 .debug_abbrev  0x0000000000000292      0x2d5 obj/kern/console.o
 .debug_abbrev  0x0000000000000567      0x1ef obj/kern/monitor.o
 .debug_abbrev  0x0000000000000756      0x2c7 obj/kern/pmap.o
 .debug_abbrev  0x0000000000000a1d      0x31e obj/kern/env.o
 .debug_abbrev  0x0000000000000d3b      0x102 obj/kern/kclock.o
 .debug_abbrev  0x0000000000000e3d       0xf0 obj/kern/picirq.o
 .debug_abbrev  0x0000000000000f2d       0xef obj/kern/printf.o
 .debug_abbrev  0x000000000000101c      0x32b obj/kern/trap.o
 .debug_abbrev  0x0000000000001347       0x14 obj/kern/trapentry.o
 .debug_abbrev  0x000000000000135b      0x1dc obj/kern/sched.o
 .debug_abbrev  0x0000000000001537      0x27a obj/kern/syscall.o
 .debug_abbrev  0x00000000000017b1      0x264 obj/kern/kdebug.o
 .debug_abbrev  0x0000000000001a15      0x1e6 obj/kern/printfmt.o
 .debug_abbrev  0x0000000000001bfb       0xab obj/kern/readline.o
 .debug_abbrev  0x0000000000001ca6      0x115 obj/kern/string.o
 .debug_abbrev  0x0000000000001dbb      0x1f8 obj/kern/libdwarf_rw.o
 .debug_abbrev  0x0000000000001fb3      0x22a obj/kern/libdwarf_frame.o
 .debug_abbrev  0x00000000000021dd      0x223 obj/kern/libdwarf_lineno.o
 .debug_abbrev  0x0000000000002400      0x1e0 obj/kern/elf_rw.o
 .debug_abbrev  0x00000000000025e0       0x14 obj/kern/mpentry.o
 .debug_abbrev  0x00000000000025f4      0x22e obj/kern/mpconfig.o
 .debug_abbrev  0x0000000000002822      0x1d5 obj/kern/lapic.o
 .debug_abbrev  0x00000000000029f7      0x23f obj/kern/spinlock.o
 .debug_abbrev  0x0000000000002c36      0x129 obj/kern/e1000.o
 .debug_abbrev  0x0000000000002d5f      0x1c4 obj/kern/pci.o
 .debug_abbrev  0x0000000000002f23       0x78 obj/kern/time.o
 .debug_abbrev  0x0000000000002f9b      0x232 obj/vmm/ept.o
 .debug_abbrev  0x00000000000031cd      0x3ae obj/vmm/vmx.o
 .debug_abbrev  0x000000000000357b      0x30a obj/vmm/vmexits.o

.debug_line     0x0000000000000000     0x4f25
 *(.debug_line)
 .debug_line    0x0000000000000000       0x99 obj/kern/bootstrap.o
 .debug_line    0x0000000000000099       0x51 obj/kern/entry.o
 .debug_line    0x00000000000000ea      0x1a9 obj/kern/init.o
 .debug_line    0x0000000000000293      0x2af obj/kern/console.o
 .debug_line    0x0000000000000542      0x1b0 obj/kern/monitor.o
 .debug_line    0x00000000000006f2      0xe76 obj/kern/pmap.o
 .debug_line    0x0000000000001568      0x497 obj/kern/env.o
 .debug_line    0x00000000000019ff       0x89 obj/kern/kclock.o
 .debug_line    0x0000000000001a88       0xad obj/kern/picirq.o
 .debug_line    0x0000000000001b35       0x82 obj/kern/printf.o
 .debug_line    0x0000000000001bb7      0x325 obj/kern/trap.o
 .debug_line    0x0000000000001edc       0x75 obj/kern/trapentry.o
 .debug_line    0x0000000000001f51      0x192 obj/kern/sched.o
 .debug_line    0x00000000000020e3      0x321 obj/kern/syscall.o
 .debug_line    0x0000000000002404      0x1e3 obj/kern/kdebug.o
 .debug_line    0x00000000000025e7      0x28e obj/kern/printfmt.o
 .debug_line    0x0000000000002875       0x94 obj/kern/readline.o
 .debug_line    0x0000000000002909      0x1eb obj/kern/string.o
 .debug_line    0x0000000000002af4      0x45a obj/kern/libdwarf_rw.o
 .debug_line    0x0000000000002f4e      0x4f9 obj/kern/libdwarf_frame.o
 .debug_line    0x0000000000003447      0x206 obj/kern/libdwarf_lineno.o
 .debug_line    0x000000000000364d      0x231 obj/kern/elf_rw.o
 .debug_line    0x000000000000387e       0x74 obj/kern/mpentry.o
 .debug_line    0x00000000000038f2      0x1f9 obj/kern/mpconfig.o
 .debug_line    0x0000000000003aeb      0x16a obj/kern/lapic.o
 .debug_line    0x0000000000003c55      0x17a obj/kern/spinlock.o
 .debug_line    0x0000000000003dcf      0x17e obj/kern/e1000.o
 .debug_line    0x0000000000003f4d      0x1dc obj/kern/pci.o
 .debug_line    0x0000000000004129       0x50 obj/kern/time.o
 .debug_line    0x0000000000004179      0x321 obj/vmm/ept.o
 .debug_line    0x000000000000449a      0x74b obj/vmm/vmx.o
 .debug_line    0x0000000000004be5      0x340 obj/vmm/vmexits.o

.debug_frame
 *(.debug_frame)

.debug_str      0x0000000000000000     0x34b9
 *(.debug_str)
 .debug_str     0x0000000000000000      0x63c obj/kern/init.o
                                        0x6e5 (size before relaxing)
 .debug_str     0x000000000000063c      0x149 obj/kern/console.o
                                        0x2bc (size before relaxing)
 .debug_str     0x0000000000000785      0x171 obj/kern/monitor.o
                                        0x456 (size before relaxing)
 .debug_str     0x00000000000008f6      0x54c obj/kern/pmap.o
                                        0xb51 (size before relaxing)
 .debug_str     0x0000000000000e42      0x334 obj/kern/env.o
                                        0xa3f (size before relaxing)
 .debug_str     0x0000000000001176       0x31 obj/kern/kclock.o
                                        0x179 (size before relaxing)
 .debug_str     0x00000000000011a7       0x35 obj/kern/picirq.o
                                        0x1ac (size before relaxing)
 .debug_str     0x00000000000011dc       0x17 obj/kern/printf.o
                                        0x1ae (size before relaxing)
 .debug_str     0x00000000000011f3      0x282 obj/kern/trap.o
                                        0x926 (size before relaxing)
 .debug_str     0x0000000000001475       0x29 obj/kern/sched.o
                                        0x630 (size before relaxing)
 .debug_str     0x000000000000149e      0x35f obj/kern/syscall.o
                                        0xa52 (size before relaxing)
 .debug_str     0x00000000000017fd      0x905 obj/kern/kdebug.o
                                       0x100f (size before relaxing)
 .debug_str     0x0000000000002102       0x93 obj/kern/printfmt.o
                                        0x34e (size before relaxing)
 .debug_str     0x0000000000002195       0x27 obj/kern/readline.o
                                        0x1ea (size before relaxing)
 .debug_str     0x00000000000021bc       0x9e obj/kern/string.o
                                        0x207 (size before relaxing)
 .debug_str     0x000000000000225a      0x25c obj/kern/libdwarf_rw.o
                                        0xbfd (size before relaxing)
 .debug_str     0x00000000000024b6      0x2dd obj/kern/libdwarf_frame.o
                                        0xb56 (size before relaxing)
 .debug_str     0x0000000000002793      0x1bd obj/kern/libdwarf_lineno.o
                                        0xba4 (size before relaxing)
 .debug_str     0x0000000000002950      0x144 obj/kern/elf_rw.o
                                        0x461 (size before relaxing)
 .debug_str     0x0000000000002a94       0xbe obj/kern/mpconfig.o
                                        0x697 (size before relaxing)
 .debug_str     0x0000000000002b52       0x52 obj/kern/lapic.o
                                        0x5e1 (size before relaxing)
 .debug_str     0x0000000000002ba4       0x4d obj/kern/spinlock.o
                                        0x6ab (size before relaxing)
 .debug_str     0x0000000000002bf1       0xd6 obj/kern/e1000.o
                                        0x37a (size before relaxing)
 .debug_str     0x0000000000002cc7      0x16f obj/kern/pci.o
                                        0x34c (size before relaxing)
 .debug_str     0x0000000000002e36       0x26 obj/kern/time.o
                                        0x108 (size before relaxing)
 .debug_str     0x0000000000002e5c      0x15b obj/vmm/ept.o
                                        0x7ec (size before relaxing)
 .debug_str     0x0000000000002fb7      0x393 obj/vmm/vmx.o
                                        0xafd (size before relaxing)
 .debug_str     0x000000000000334a      0x16f obj/vmm/vmexits.o
                                        0xb28 (size before relaxing)

.debug_loc      0x0000000000000000     0x7064
 *(.debug_loc)
 .debug_loc     0x0000000000000000      0x264 obj/kern/init.o
 .debug_loc     0x0000000000000264      0x6c0 obj/kern/console.o
 .debug_loc     0x0000000000000924      0x240 obj/kern/monitor.o
 .debug_loc     0x0000000000000b64      0xc00 obj/kern/pmap.o
 .debug_loc     0x0000000000001764      0x6f8 obj/kern/env.o
 .debug_loc     0x0000000000001e5c       0xc0 obj/kern/kclock.o
 .debug_loc     0x0000000000001f1c      0x120 obj/kern/picirq.o
 .debug_loc     0x000000000000203c      0x120 obj/kern/printf.o
 .debug_loc     0x000000000000215c      0x398 obj/kern/trap.o
 .debug_loc     0x00000000000024f4      0x1e0 obj/kern/sched.o
 .debug_loc     0x00000000000026d4      0xab8 obj/kern/syscall.o
 .debug_loc     0x000000000000318c       0xc0 obj/kern/kdebug.o
 .debug_loc     0x000000000000324c      0x300 obj/kern/printfmt.o
 .debug_loc     0x000000000000354c       0x60 obj/kern/readline.o
 .debug_loc     0x00000000000035ac      0x660 obj/kern/string.o
 .debug_loc     0x0000000000003c0c      0x900 obj/kern/libdwarf_rw.o
 .debug_loc     0x000000000000450c      0x540 obj/kern/libdwarf_frame.o
 .debug_loc     0x0000000000004a4c      0x180 obj/kern/libdwarf_lineno.o
 .debug_loc     0x0000000000004bcc      0x240 obj/kern/elf_rw.o
 .debug_loc     0x0000000000004e0c      0x1e0 obj/kern/mpconfig.o
 .debug_loc     0x0000000000004fec      0x2a0 obj/kern/lapic.o
 .debug_loc     0x000000000000528c      0x240 obj/kern/spinlock.o
 .debug_loc     0x00000000000054cc      0x120 obj/kern/e1000.o
 .debug_loc     0x00000000000055ec      0x3c0 obj/kern/pci.o
 .debug_loc     0x00000000000059ac      0x120 obj/kern/time.o
 .debug_loc     0x0000000000005acc      0x5ec obj/vmm/ept.o
 .debug_loc     0x00000000000060b8      0x94c obj/vmm/vmx.o
 .debug_loc     0x0000000000006a04      0x660 obj/vmm/vmexits.o

.comment        0x0000000000000000       0x2b
 .comment       0x0000000000000000       0x2b obj/kern/init.o
                                         0x2c (size before relaxing)
 .comment       0x0000000000000000       0x2c obj/kern/console.o
 .comment       0x0000000000000000       0x2c obj/kern/monitor.o
 .comment       0x0000000000000000       0x2c obj/kern/pmap.o
 .comment       0x0000000000000000       0x2c obj/kern/env.o
 .comment       0x0000000000000000       0x2c obj/kern/kclock.o
 .comment       0x0000000000000000       0x2c obj/kern/picirq.o
 .comment       0x0000000000000000       0x2c obj/kern/printf.o
 .comment       0x0000000000000000       0x2c obj/kern/trap.o
 .comment       0x0000000000000000       0x2c obj/kern/sched.o
 .comment       0x0000000000000000       0x2c obj/kern/syscall.o
 .comment       0x0000000000000000       0x2c obj/kern/kdebug.o
 .comment       0x0000000000000000       0x2c obj/kern/printfmt.o
 .comment       0x0000000000000000       0x2c obj/kern/readline.o
 .comment       0x0000000000000000       0x2c obj/kern/string.o
 .comment       0x0000000000000000       0x2c obj/kern/libdwarf_rw.o
 .comment       0x0000000000000000       0x2c obj/kern/libdwarf_frame.o
 .comment       0x0000000000000000       0x2c obj/kern/libdwarf_lineno.o
 .comment       0x0000000000000000       0x2c obj/kern/elf_rw.o
 .comment       0x0000000000000000       0x2c obj/kern/mpconfig.o
 .comment       0x0000000000000000       0x2c obj/kern/lapic.o
 .comment       0x0000000000000000       0x2c obj/kern/spinlock.o
 .comment       0x0000000000000000       0x2c obj/kern/e1000.o
 .comment       0x0000000000000000       0x2c obj/kern/pci.o
 .comment       0x0000000000000000       0x2c obj/kern/time.o
 .comment       0x0000000000000000       0x2c obj/vmm/ept.o
 .comment       0x0000000000000000       0x2c obj/vmm/vmx.o
 .comment       0x0000000000000000       0x2c obj/vmm/vmexits.o

.debug_macinfo
 *(.debug_macinfo)

.debug_weaknames
 *(.debug_weaknames)

.debug_funcnames
 *(.debug_funcnames)

.debug_typenames
 *(.debug_typenames)

.debug_varnames
 *(.debug_varnames)

/DISCARD/
 *(.note.GNU-stack)
LOAD obj/kern/entry.o
LOAD obj/kern/bootstrap.o
LOAD obj/kern/init.o
LOAD obj/kern/console.o
LOAD obj/kern/monitor.o
LOAD obj/kern/pmap.o
LOAD obj/kern/env.o
LOAD obj/kern/kclock.o
LOAD obj/kern/picirq.o
LOAD obj/kern/printf.o
LOAD obj/kern/trap.o
LOAD obj/kern/trapentry.o
LOAD obj/kern/sched.o
LOAD obj/kern/syscall.o
LOAD obj/kern/kdebug.o
LOAD obj/kern/printfmt.o
LOAD obj/kern/readline.o
LOAD obj/kern/string.o
LOAD obj/kern/libdwarf_rw.o
LOAD obj/kern/libdwarf_frame.o
LOAD obj/kern/libdwarf_lineno.o
LOAD obj/kern/elf_rw.o
LOAD obj/kern/mpentry.o
LOAD obj/kern/mpconfig.o
LOAD obj/kern/lapic.o
LOAD obj/kern/spinlock.o
LOAD obj/kern/e1000.o
LOAD obj/kern/pci.o
LOAD obj/kern/time.o
LOAD obj/vmm/ept.o
LOAD obj/vmm/vmx.o
LOAD obj/vmm/vmexits.o
LOAD /usr/lib/gcc/x86_64-linux-gnu/4.8/libgcc.a
TARGET(binary)
LOAD obj/user/hello
LOAD obj/user/idle
LOAD obj/user/testfile
LOAD obj/user/writemotd
LOAD obj/user/spawnhello
LOAD obj/user/icode
LOAD obj/fs/fs
LOAD obj/user/testtime
LOAD obj/user/httpd
LOAD obj/user/echosrv
LOAD obj/user/echotest
LOAD obj/net/testoutput
LOAD obj/net/testinput
LOAD obj/net/ns
LOAD obj/user/testpteshare
LOAD obj/user/testfdsharing
LOAD obj/user/testpipe
LOAD obj/user/testpiperace
LOAD obj/user/testpiperace2
LOAD obj/user/primespipe
LOAD obj/user/testkbd
LOAD obj/user/testshell
LOAD obj/user/vmm
LOAD obj/user/sh
OUTPUT(obj/kern/kernel elf64-x86-64)
